040 (12444007.002.000) 06/17 16:12:22 Started transferring input files
	Transferring to host: <188.185.211.32:9618?addrs=188.185.211.32-9618+[2001-1458-303-16--100-1c]-9618&alias=b9p23p8411.cern.ch&noUDP&sock=slot1_2_8389_8f2e_18472>
...
040 (12444007.002.000) 06/17 16:12:22 Finished transferring input files
...
040 (12444007.000.000) 06/17 16:12:22 Started transferring input files
	Transferring to host: <188.185.212.185:9618?addrs=188.185.212.185-9618+[2001-1458-303-19--100-35]-9618&alias=b9p26p4565.cern.ch&noUDP&sock=slot1_30_8346_430c_17348>
...
040 (12444007.000.000) 06/17 16:12:22 Finished transferring input files
...
040 (12444007.001.000) 06/17 16:12:22 Started transferring input files
	Transferring to host: <188.185.212.164:9618?addrs=188.185.212.164-9618+[2001-1458-303-19--100-20]-9618&alias=b9p26p6759.cern.ch&noUDP&sock=slot1_12_8346_430c_19543>
...
040 (12444007.001.000) 06/17 16:12:22 Finished transferring input files
...
040 (12444007.006.000) 06/17 16:12:23 Started transferring input files
	Transferring to host: <188.185.212.169:9618?addrs=188.185.212.169-9618+[2001-1458-303-19--100-25]-9618&alias=b9p26p8946.cern.ch&noUDP&sock=slot1_21_8377_1aae_17120>
...
040 (12444007.003.000) 06/17 16:12:23 Started transferring input files
	Transferring to host: <188.185.192.81:9618?addrs=188.185.192.81-9618+[2001-1458-303-1f--100-4d]-9618&alias=b9p13p6807.cern.ch&noUDP&sock=slot1_16_8876_b1e2_17590>
...
040 (12444007.006.000) 06/17 16:12:23 Finished transferring input files
...
040 (12444007.003.000) 06/17 16:12:23 Finished transferring input files
...
040 (12444007.004.000) 06/17 16:12:23 Started transferring input files
	Transferring to host: <188.185.211.57:9618?addrs=188.185.211.57-9618+[2001-1458-303-16--100-35]-9618&alias=b9p23p9814.cern.ch&noUDP&sock=slot1_34_8422_cf90_17088>
...
040 (12444007.004.000) 06/17 16:12:23 Finished transferring input files
...
001 (12444007.002.000) 06/17 16:12:23 Job executing on host: <188.185.211.32:9618?addrs=188.185.211.32-9618+[2001-1458-303-16--100-1c]-9618&alias=b9p23p8411.cern.ch&noUDP&sock=startd_8329_9467>
	SlotName: slot1_2@b9p23p8411.cern.ch
	CondorScratchDir = "/pool/condor/dir_591994"
	Cpus = 1
	Disk = 3879
	GPUs = 0
	Memory = 3000
...
001 (12444007.000.000) 06/17 16:12:23 Job executing on host: <188.185.212.185:9618?addrs=188.185.212.185-9618+[2001-1458-303-19--100-35]-9618&alias=b9p26p4565.cern.ch&noUDP&sock=startd_7667_80b5>
	SlotName: slot1_30@b9p26p4565.cern.ch
	CondorScratchDir = "/pool/condor/dir_551634"
	Cpus = 1
	Disk = 3879
	GPUs = 0
	Memory = 3000
...
001 (12444007.001.000) 06/17 16:12:23 Job executing on host: <188.185.212.164:9618?addrs=188.185.212.164-9618+[2001-1458-303-19--100-20]-9618&alias=b9p26p6759.cern.ch&noUDP&sock=startd_7807_87f7>
	SlotName: slot1_12@b9p26p6759.cern.ch
	CondorScratchDir = "/pool/condor/dir_2801370"
	Cpus = 1
	Disk = 3743
	GPUs = 0
	Memory = 3000
...
040 (12444007.005.000) 06/17 16:12:24 Started transferring input files
	Transferring to host: <188.185.212.167:9618?addrs=188.185.212.167-9618+[2001-1458-303-19--100-23]-9618&alias=b9p26p9767.cern.ch&noUDP&sock=slot1_36_6848_c910_18713>
...
040 (12444007.005.000) 06/17 16:12:24 Finished transferring input files
...
001 (12444007.003.000) 06/17 16:12:24 Job executing on host: <188.185.192.81:9618?addrs=188.185.192.81-9618+[2001-1458-303-1f--100-4d]-9618&alias=b9p13p6807.cern.ch&noUDP&sock=startd_8794_87f1>
	SlotName: slot1_16@b9p13p6807.cern.ch
	CondorScratchDir = "/pool/condor/dir_280138"
	Cpus = 1
	Disk = 3930
	GPUs = 0
	Memory = 3000
...
001 (12444007.006.000) 06/17 16:12:24 Job executing on host: <188.185.212.169:9618?addrs=188.185.212.169-9618+[2001-1458-303-19--100-25]-9618&alias=b9p26p8946.cern.ch&noUDP&sock=startd_7864_a0dd>
	SlotName: slot1_21@b9p26p8946.cern.ch
	CondorScratchDir = "/pool/condor/dir_371392"
	Cpus = 1
	Disk = 3921
	GPUs = 0
	Memory = 3000
...
001 (12444007.004.000) 06/17 16:12:24 Job executing on host: <188.185.211.57:9618?addrs=188.185.211.57-9618+[2001-1458-303-16--100-35]-9618&alias=b9p23p9814.cern.ch&noUDP&sock=startd_8373_c291>
	SlotName: slot1_34@b9p23p9814.cern.ch
	CondorScratchDir = "/pool/condor/dir_381003"
	Cpus = 1
	Disk = 3841
	GPUs = 0
	Memory = 3000
...
040 (12444007.007.000) 06/17 16:12:24 Started transferring input files
	Transferring to host: <188.185.210.214:9618?addrs=188.185.210.214-9618+[2001-1458-303-15--100-52]-9618&alias=b9p22p2908.cern.ch&noUDP&sock=slot1_7_8382_a08e_15570>
...
040 (12444007.007.000) 06/17 16:12:24 Finished transferring input files
...
001 (12444007.005.000) 06/17 16:12:25 Job executing on host: <188.185.212.167:9618?addrs=188.185.212.167-9618+[2001-1458-303-19--100-23]-9618&alias=b9p26p9767.cern.ch&noUDP&sock=startd_6432_653e>
	SlotName: slot1_36@b9p26p9767.cern.ch
	CondorScratchDir = "/pool/condor/dir_2541547"
	Cpus = 1
	Disk = 3869
	GPUs = 0
	Memory = 3000
...
001 (12444007.007.000) 06/17 16:12:25 Job executing on host: <188.185.210.214:9618?addrs=188.185.210.214-9618+[2001-1458-303-15--100-52]-9618&alias=b9p22p2908.cern.ch&noUDP&sock=startd_8319_b874>
	SlotName: slot1_7@b9p22p2908.cern.ch
	CondorScratchDir = "/pool/condor/dir_214745"
	Cpus = 1
	Disk = 3709
	GPUs = 0
	Memory = 3000
...
006 (12444007.004.000) 06/17 16:12:32 Image size of job updated: 566564
	554  -  MemoryUsage of job (MB)
	566564  -  ResidentSetSize of job (KB)
...
006 (12444007.002.000) 06/17 16:12:32 Image size of job updated: 591764
	578  -  MemoryUsage of job (MB)
	591764  -  ResidentSetSize of job (KB)
...
006 (12444007.007.000) 06/17 16:12:33 Image size of job updated: 595304
	582  -  MemoryUsage of job (MB)
	595304  -  ResidentSetSize of job (KB)
...
006 (12444007.003.000) 06/17 16:12:33 Image size of job updated: 590296
	577  -  MemoryUsage of job (MB)
	590296  -  ResidentSetSize of job (KB)
...
006 (12444007.001.000) 06/17 16:12:37 Image size of job updated: 144292
	141  -  MemoryUsage of job (MB)
	144292  -  ResidentSetSize of job (KB)
...
006 (12444007.000.000) 06/17 16:12:37 Image size of job updated: 144296
	141  -  MemoryUsage of job (MB)
	144296  -  ResidentSetSize of job (KB)
...
006 (12444007.006.000) 06/17 16:12:37 Image size of job updated: 153176
	150  -  MemoryUsage of job (MB)
	153176  -  ResidentSetSize of job (KB)
...
006 (12444007.005.000) 06/17 16:12:38 Image size of job updated: 448
	1  -  MemoryUsage of job (MB)
	448  -  ResidentSetSize of job (KB)
...
006 (12444007.002.000) 06/17 16:17:32 Image size of job updated: 591764
	579  -  MemoryUsage of job (MB)
	592020  -  ResidentSetSize of job (KB)
...
006 (12444007.004.000) 06/17 16:17:32 Image size of job updated: 638340
	624  -  MemoryUsage of job (MB)
	638340  -  ResidentSetSize of job (KB)
...
006 (12444007.003.000) 06/17 16:17:34 Image size of job updated: 623056
	609  -  MemoryUsage of job (MB)
	623056  -  ResidentSetSize of job (KB)
...
006 (12444007.000.000) 06/17 16:17:37 Image size of job updated: 183992
	180  -  MemoryUsage of job (MB)
	183992  -  ResidentSetSize of job (KB)
...
006 (12444007.001.000) 06/17 16:17:37 Image size of job updated: 184280
	180  -  MemoryUsage of job (MB)
	184280  -  ResidentSetSize of job (KB)
...
006 (12444007.006.000) 06/17 16:17:38 Image size of job updated: 185416
	182  -  MemoryUsage of job (MB)
	185416  -  ResidentSetSize of job (KB)
...
006 (12444007.005.000) 06/17 16:17:39 Image size of job updated: 184836
	181  -  MemoryUsage of job (MB)
	184836  -  ResidentSetSize of job (KB)
...
006 (12444007.004.000) 06/17 16:22:33 Image size of job updated: 638384
	624  -  MemoryUsage of job (MB)
	638384  -  ResidentSetSize of job (KB)
...
006 (12444007.003.000) 06/17 16:22:35 Image size of job updated: 623084
	609  -  MemoryUsage of job (MB)
	623084  -  ResidentSetSize of job (KB)
...
006 (12444007.001.000) 06/17 16:22:37 Image size of job updated: 184488
	181  -  MemoryUsage of job (MB)
	184488  -  ResidentSetSize of job (KB)
...
006 (12444007.000.000) 06/17 16:22:37 Image size of job updated: 184048
	180  -  MemoryUsage of job (MB)
	184048  -  ResidentSetSize of job (KB)
...
006 (12444007.006.000) 06/17 16:22:38 Image size of job updated: 185464
	182  -  MemoryUsage of job (MB)
	185464  -  ResidentSetSize of job (KB)
...
006 (12444007.005.000) 06/17 16:22:40 Image size of job updated: 185084
	181  -  MemoryUsage of job (MB)
	185084  -  ResidentSetSize of job (KB)
...
006 (12444007.004.000) 06/17 16:27:33 Image size of job updated: 638516
	624  -  MemoryUsage of job (MB)
	638516  -  ResidentSetSize of job (KB)
...
006 (12444007.003.000) 06/17 16:27:35 Image size of job updated: 624392
	610  -  MemoryUsage of job (MB)
	624392  -  ResidentSetSize of job (KB)
...
006 (12444007.001.000) 06/17 16:27:37 Image size of job updated: 184528
	181  -  MemoryUsage of job (MB)
	184528  -  ResidentSetSize of job (KB)
...
006 (12444007.006.000) 06/17 16:27:38 Image size of job updated: 185488
	182  -  MemoryUsage of job (MB)
	185488  -  ResidentSetSize of job (KB)
...
006 (12444007.000.000) 06/17 16:27:38 Image size of job updated: 184084
	180  -  MemoryUsage of job (MB)
	184084  -  ResidentSetSize of job (KB)
...
006 (12444007.005.000) 06/17 16:27:40 Image size of job updated: 185104
	181  -  MemoryUsage of job (MB)
	185104  -  ResidentSetSize of job (KB)
...
006 (12444007.004.000) 06/17 16:32:33 Image size of job updated: 638536
	624  -  MemoryUsage of job (MB)
	638536  -  ResidentSetSize of job (KB)
...
006 (12444007.001.000) 06/17 16:32:37 Image size of job updated: 184548
	181  -  MemoryUsage of job (MB)
	184548  -  ResidentSetSize of job (KB)
...
006 (12444007.006.000) 06/17 16:32:38 Image size of job updated: 185552
	182  -  MemoryUsage of job (MB)
	185552  -  ResidentSetSize of job (KB)
...
006 (12444007.000.000) 06/17 16:32:39 Image size of job updated: 184100
	180  -  MemoryUsage of job (MB)
	184100  -  ResidentSetSize of job (KB)
...
006 (12444007.005.000) 06/17 16:32:41 Image size of job updated: 185140
	181  -  MemoryUsage of job (MB)
	185140  -  ResidentSetSize of job (KB)
...
006 (12444007.004.000) 06/17 16:37:34 Image size of job updated: 638544
	624  -  MemoryUsage of job (MB)
	638544  -  ResidentSetSize of job (KB)
...
006 (12444007.001.000) 06/17 16:37:37 Image size of job updated: 184560
	181  -  MemoryUsage of job (MB)
	184560  -  ResidentSetSize of job (KB)
...
006 (12444007.006.000) 06/17 16:37:38 Image size of job updated: 185564
	182  -  MemoryUsage of job (MB)
	185564  -  ResidentSetSize of job (KB)
...
006 (12444007.000.000) 06/17 16:37:39 Image size of job updated: 184136
	180  -  MemoryUsage of job (MB)
	184136  -  ResidentSetSize of job (KB)
...
006 (12444007.005.000) 06/17 16:37:41 Image size of job updated: 185180
	181  -  MemoryUsage of job (MB)
	185180  -  ResidentSetSize of job (KB)
...
006 (12444007.004.000) 06/17 16:42:35 Image size of job updated: 638560
	624  -  MemoryUsage of job (MB)
	638560  -  ResidentSetSize of job (KB)
...
006 (12444007.001.000) 06/17 16:42:37 Image size of job updated: 184572
	181  -  MemoryUsage of job (MB)
	184572  -  ResidentSetSize of job (KB)
...
006 (12444007.006.000) 06/17 16:42:38 Image size of job updated: 185572
	182  -  MemoryUsage of job (MB)
	185572  -  ResidentSetSize of job (KB)
...
006 (12444007.000.000) 06/17 16:42:40 Image size of job updated: 184148
	180  -  MemoryUsage of job (MB)
	184148  -  ResidentSetSize of job (KB)
...
006 (12444007.005.000) 06/17 16:42:41 Image size of job updated: 185232
	181  -  MemoryUsage of job (MB)
	185232  -  ResidentSetSize of job (KB)
...
040 (12444007.007.000) 06/17 16:44:57 Finished transferring output files
...
005 (12444007.007.000) 06/17 16:44:57 Job terminated.
	(1) Normal termination (return value 0)
		Usr 0 00:29:36, Sys 0 00:00:15  -  Run Remote Usage
		Usr 0 00:00:00, Sys 0 00:00:00  -  Run Local Usage
		Usr 0 00:29:36, Sys 0 00:00:15  -  Total Remote Usage
		Usr 0 00:00:00, Sys 0 00:00:00  -  Total Local Usage
	0  -  Run Bytes Sent By Job
	210  -  Run Bytes Received By Job
	0  -  Total Bytes Sent By Job
	210  -  Total Bytes Received By Job
	Partitionable Resources :    Usage  Request Allocated 
	   Cpus                 :     0.98        1         1 
	   Disk (KB)            :    26           1      3709 
	   GPUs                 :                           0 
	   Memory (MB)          :   582        3000      3000 

	Job terminated of its own accord at 2025-06-17T14:44:57Z with exit-code 0.
...
006 (12444007.006.000) 06/17 16:45:23 Image size of job updated: 185580
	182  -  MemoryUsage of job (MB)
	185572  -  ResidentSetSize of job (KB)
...
040 (12444007.006.000) 06/17 16:45:23 Finished transferring output files
...
005 (12444007.006.000) 06/17 16:45:23 Job terminated.
	(1) Normal termination (return value 0)
		Usr 0 00:30:02, Sys 0 00:00:11  -  Run Remote Usage
		Usr 0 00:00:00, Sys 0 00:00:00  -  Run Local Usage
		Usr 0 00:30:02, Sys 0 00:00:11  -  Total Remote Usage
		Usr 0 00:00:00, Sys 0 00:00:00  -  Total Local Usage
	0  -  Run Bytes Sent By Job
	210  -  Run Bytes Received By Job
	0  -  Total Bytes Sent By Job
	210  -  Total Bytes Received By Job
	Partitionable Resources :    Usage  Request Allocated 
	   Cpus                 :     0.90        1         1 
	   Disk (KB)            :    26           1      3921 
	   GPUs                 :                           0 
	   Memory (MB)          :   182        3000      3000 

	Job terminated of its own accord at 2025-06-17T14:45:23Z with exit-code 0.
...
040 (12444007.002.000) 06/17 16:46:43 Finished transferring output files
...
005 (12444007.002.000) 06/17 16:46:43 Job terminated.
	(1) Normal termination (return value 0)
		Usr 0 00:31:25, Sys 0 00:00:13  -  Run Remote Usage
		Usr 0 00:00:00, Sys 0 00:00:00  -  Run Local Usage
		Usr 0 00:31:25, Sys 0 00:00:13  -  Total Remote Usage
		Usr 0 00:00:00, Sys 0 00:00:00  -  Total Local Usage
	0  -  Run Bytes Sent By Job
	210  -  Run Bytes Received By Job
	0  -  Total Bytes Sent By Job
	210  -  Total Bytes Received By Job
	Partitionable Resources :    Usage  Request Allocated 
	   Cpus                 :     0.98        1         1 
	   Disk (KB)            :    26           1      3879 
	   GPUs                 :                           0 
	   Memory (MB)          :   579        3000      3000 

	Job terminated of its own accord at 2025-06-17T14:46:43Z with exit-code 0.
...
006 (12444007.004.000) 06/17 16:47:35 Image size of job updated: 638568
	624  -  MemoryUsage of job (MB)
	638568  -  ResidentSetSize of job (KB)
...
006 (12444007.001.000) 06/17 16:47:38 Image size of job updated: 184620
	181  -  MemoryUsage of job (MB)
	184620  -  ResidentSetSize of job (KB)
...
006 (12444007.000.000) 06/17 16:47:40 Image size of job updated: 184156
	180  -  MemoryUsage of job (MB)
	184156  -  ResidentSetSize of job (KB)
...
006 (12444007.005.000) 06/17 16:47:42 Image size of job updated: 185252
	181  -  MemoryUsage of job (MB)
	185252  -  ResidentSetSize of job (KB)
...
006 (12444007.000.000) 06/17 16:51:49 Image size of job updated: 184164
	180  -  MemoryUsage of job (MB)
	184156  -  ResidentSetSize of job (KB)
...
040 (12444007.000.000) 06/17 16:51:49 Finished transferring output files
...
005 (12444007.000.000) 06/17 16:51:49 Job terminated.
	(1) Normal termination (return value 0)
		Usr 0 00:36:22, Sys 0 00:00:14  -  Run Remote Usage
		Usr 0 00:00:00, Sys 0 00:00:00  -  Run Local Usage
		Usr 0 00:36:22, Sys 0 00:00:14  -  Total Remote Usage
		Usr 0 00:00:00, Sys 0 00:00:00  -  Total Local Usage
	0  -  Run Bytes Sent By Job
	210  -  Run Bytes Received By Job
	0  -  Total Bytes Sent By Job
	210  -  Total Bytes Received By Job
	Partitionable Resources :    Usage  Request Allocated 
	   Cpus                 :     0.90        1         1 
	   Disk (KB)            :    26           1      3879 
	   GPUs                 :                           0 
	   Memory (MB)          :   180        3000      3000 

	Job terminated of its own accord at 2025-06-17T14:51:49Z with exit-code 0.
...
040 (12444007.004.000) 06/17 16:51:50 Finished transferring output files
...
005 (12444007.004.000) 06/17 16:51:50 Job terminated.
	(1) Normal termination (return value 0)
		Usr 0 00:36:42, Sys 0 00:00:06  -  Run Remote Usage
		Usr 0 00:00:00, Sys 0 00:00:00  -  Run Local Usage
		Usr 0 00:36:42, Sys 0 00:00:06  -  Total Remote Usage
		Usr 0 00:00:00, Sys 0 00:00:00  -  Total Local Usage
	0  -  Run Bytes Sent By Job
	210  -  Run Bytes Received By Job
	0  -  Total Bytes Sent By Job
	210  -  Total Bytes Received By Job
	Partitionable Resources :    Usage  Request Allocated 
	   Cpus                 :     0.90        1         1 
	   Disk (KB)            :    26           1      3841 
	   GPUs                 :                           0 
	   Memory (MB)          :   624        3000      3000 

	Job terminated of its own accord at 2025-06-17T14:51:50Z with exit-code 0.
...
006 (12444007.001.000) 06/17 16:52:38 Image size of job updated: 184680
	181  -  MemoryUsage of job (MB)
	184680  -  ResidentSetSize of job (KB)
...
006 (12444007.005.000) 06/17 16:52:43 Image size of job updated: 185260
	181  -  MemoryUsage of job (MB)
	185260  -  ResidentSetSize of job (KB)
...
006 (12444007.001.000) 06/17 16:52:58 Image size of job updated: 185892
	181  -  MemoryUsage of job (MB)
	184680  -  ResidentSetSize of job (KB)
...
040 (12444007.001.000) 06/17 16:52:58 Finished transferring output files
...
005 (12444007.001.000) 06/17 16:52:58 Job terminated.
	(1) Normal termination (return value 0)
		Usr 0 00:37:20, Sys 0 00:00:16  -  Run Remote Usage
		Usr 0 00:00:00, Sys 0 00:00:00  -  Run Local Usage
		Usr 0 00:37:20, Sys 0 00:00:16  -  Total Remote Usage
		Usr 0 00:00:00, Sys 0 00:00:00  -  Total Local Usage
	0  -  Run Bytes Sent By Job
	210  -  Run Bytes Received By Job
	0  -  Total Bytes Sent By Job
	210  -  Total Bytes Received By Job
	Partitionable Resources :    Usage  Request Allocated 
	   Cpus                 :     0.99        1         1 
	   Disk (KB)            :    26           1      3743 
	   GPUs                 :                           0 
	   Memory (MB)          :   181        3000      3000 

	Job terminated of its own accord at 2025-06-17T14:52:58Z with exit-code 0.
...
040 (12444007.003.000) 06/17 16:54:18 Finished transferring output files
...
005 (12444007.003.000) 06/17 16:54:18 Job terminated.
	(1) Normal termination (return value 0)
		Usr 0 00:39:21, Sys 0 00:00:04  -  Run Remote Usage
		Usr 0 00:00:00, Sys 0 00:00:00  -  Run Local Usage
		Usr 0 00:39:21, Sys 0 00:00:04  -  Total Remote Usage
		Usr 0 00:00:00, Sys 0 00:00:00  -  Total Local Usage
	0  -  Run Bytes Sent By Job
	210  -  Run Bytes Received By Job
	0  -  Total Bytes Sent By Job
	210  -  Total Bytes Received By Job
	Partitionable Resources :    Usage  Request Allocated 
	   Cpus                 :     0.99        1         1 
	   Disk (KB)            :    26           1      3930 
	   GPUs                 :                           0 
	   Memory (MB)          :   610        3000      3000 

	Job terminated of its own accord at 2025-06-17T14:54:18Z with exit-code 0.
...
006 (12444007.005.000) 06/17 16:57:33 Image size of job updated: 185264
	181  -  MemoryUsage of job (MB)
	185260  -  ResidentSetSize of job (KB)
...
040 (12444007.005.000) 06/17 16:57:33 Finished transferring output files
...
005 (12444007.005.000) 06/17 16:57:33 Job terminated.
	(1) Normal termination (return value 0)
		Usr 0 00:41:21, Sys 0 00:00:22  -  Run Remote Usage
		Usr 0 00:00:00, Sys 0 00:00:00  -  Run Local Usage
		Usr 0 00:41:21, Sys 0 00:00:22  -  Total Remote Usage
		Usr 0 00:00:00, Sys 0 00:00:00  -  Total Local Usage
	0  -  Run Bytes Sent By Job
	210  -  Run Bytes Received By Job
	0  -  Total Bytes Sent By Job
	210  -  Total Bytes Received By Job
	Partitionable Resources :    Usage  Request Allocated 
	   Cpus                 :     0.98        1         1 
	   Disk (KB)            :    26           1      3869 
	   GPUs                 :                           0 
	   Memory (MB)          :   181        3000      3000 

	Job terminated of its own accord at 2025-06-17T14:57:33Z with exit-code 0.
...
