Setup LCG_106c stack built for x86_64-el9-gcc13-opt which has gcc13 and ROOT 6.32.10
ProcessNano.py::START::Time(2025-06-19 15:23:42.245050)
We have 120 files
Process only 60 files
root://hip-cms-se.csc.fi//store/user/nbinnorj/VBSSignalProdv3p0_NanoGen_v1p0/CRABOUTPUT/ZJJZJJjj_EWK_LO_4f_mmjj150_madgraph_pythia8/RunIII2024Summer24NanoGeN_v1p0/241226_134531/0000/NanoGen_54.root
root://hip-cms-se.csc.fi//store/user/nbinnorj/VBSSignalProdv3p0_NanoGen_v1p0/CRABOUTPUT/ZJJZJJjj_EWK_LO_4f_mmjj150_madgraph_pythia8/RunIII2024Summer24NanoGeN_v1p0/241226_134531/0000/NanoGen_87.root
root://hip-cms-se.csc.fi//store/user/nbinnorj/VBSSignalProdv3p0_NanoGen_v1p0/CRABOUTPUT/ZJJZJJjj_EWK_LO_4f_mmjj150_madgraph_pythia8/RunIII2024Summer24NanoGeN_v1p0/241226_134531/0000/NanoGen_91.root
root://hip-cms-se.csc.fi//store/user/nbinnorj/VBSSignalProdv3p0_NanoGen_v1p0/CRABOUTPUT/ZJJZJJjj_EWK_LO_4f_mmjj150_madgraph_pythia8/RunIII2024Summer24NanoGeN_v1p0/241226_134531/0000/NanoGen_109.root
root://hip-cms-se.csc.fi//store/user/nbinnorj/VBSSignalProdv3p0_NanoGen_v1p0/CRABOUTPUT/ZJJZJJjj_EWK_LO_4f_mmjj150_madgraph_pythia8/RunIII2024Summer24NanoGeN_v1p0/241226_134531/0000/NanoGen_115.root
root://hip-cms-se.csc.fi//store/user/nbinnorj/VBSSignalProdv3p0_NanoGen_v1p0/CRABOUTPUT/ZJJZJJjj_EWK_LO_4f_mmjj150_madgraph_pythia8/RunIII2024Summer24NanoGeN_v1p0/241226_134531/0000/NanoGen_98.root
root://hip-cms-se.csc.fi//store/user/nbinnorj/VBSSignalProdv3p0_NanoGen_v1p0/CRABOUTPUT/ZJJZJJjj_EWK_LO_4f_mmjj150_madgraph_pythia8/RunIII2024Summer24NanoGeN_v1p0/241226_134531/0000/NanoGen_106.root
root://hip-cms-se.csc.fi//store/user/nbinnorj/VBSSignalProdv3p0_NanoGen_v1p0/CRABOUTPUT/ZJJZJJjj_EWK_LO_4f_mmjj150_madgraph_pythia8/RunIII2024Summer24NanoGeN_v1p0/241226_134531/0000/NanoGen_90.root
root://hip-cms-se.csc.fi//store/user/nbinnorj/VBSSignalProdv3p0_NanoGen_v1p0/CRABOUTPUT/ZJJZJJjj_EWK_LO_4f_mmjj150_madgraph_pythia8/RunIII2024Summer24NanoGeN_v1p0/241226_134531/0000/NanoGen_41.root
root://hip-cms-se.csc.fi//store/user/nbinnorj/VBSSignalProdv3p0_NanoGen_v1p0/CRABOUTPUT/ZJJZJJjj_EWK_LO_4f_mmjj150_madgraph_pythia8/RunIII2024Summer24NanoGeN_v1p0/241226_134531/0000/NanoGen_100.root
root://hip-cms-se.csc.fi//store/user/nbinnorj/VBSSignalProdv3p0_NanoGen_v1p0/CRABOUTPUT/ZJJZJJjj_EWK_LO_4f_mmjj150_madgraph_pythia8/RunIII2024Summer24NanoGeN_v1p0/241226_134531/0000/NanoGen_101.root
root://hip-cms-se.csc.fi//store/user/nbinnorj/VBSSignalProdv3p0_NanoGen_v1p0/CRABOUTPUT/ZJJZJJjj_EWK_LO_4f_mmjj150_madgraph_pythia8/RunIII2024Summer24NanoGeN_v1p0/241226_134531/0000/NanoGen_108.root
root://hip-cms-se.csc.fi//store/user/nbinnorj/VBSSignalProdv3p0_NanoGen_v1p0/CRABOUTPUT/ZJJZJJjj_EWK_LO_4f_mmjj150_madgraph_pythia8/RunIII2024Summer24NanoGeN_v1p0/241226_134531/0000/NanoGen_92.root
root://hip-cms-se.csc.fi//store/user/nbinnorj/VBSSignalProdv3p0_NanoGen_v1p0/CRABOUTPUT/ZJJZJJjj_EWK_LO_4f_mmjj150_madgraph_pythia8/RunIII2024Summer24NanoGeN_v1p0/241226_134531/0000/NanoGen_111.root
root://hip-cms-se.csc.fi//store/user/nbinnorj/VBSSignalProdv3p0_NanoGen_v1p0/CRABOUTPUT/ZJJZJJjj_EWK_LO_4f_mmjj150_madgraph_pythia8/RunIII2024Summer24NanoGeN_v1p0/241226_134531/0000/NanoGen_110.root
root://hip-cms-se.csc.fi//store/user/nbinnorj/VBSSignalProdv3p0_NanoGen_v1p0/CRABOUTPUT/ZJJZJJjj_EWK_LO_4f_mmjj150_madgraph_pythia8/RunIII2024Summer24NanoGeN_v1p0/241226_134531/0000/NanoGen_102.root
root://hip-cms-se.csc.fi//store/user/nbinnorj/VBSSignalProdv3p0_NanoGen_v1p0/CRABOUTPUT/ZJJZJJjj_EWK_LO_4f_mmjj150_madgraph_pythia8/RunIII2024Summer24NanoGeN_v1p0/241226_134531/0000/NanoGen_118.root
root://hip-cms-se.csc.fi//store/user/nbinnorj/VBSSignalProdv3p0_NanoGen_v1p0/CRABOUTPUT/ZJJZJJjj_EWK_LO_4f_mmjj150_madgraph_pythia8/RunIII2024Summer24NanoGeN_v1p0/241226_134531/0000/NanoGen_89.root
root://hip-cms-se.csc.fi//store/user/nbinnorj/VBSSignalProdv3p0_NanoGen_v1p0/CRABOUTPUT/ZJJZJJjj_EWK_LO_4f_mmjj150_madgraph_pythia8/RunIII2024Summer24NanoGeN_v1p0/241226_134531/0000/NanoGen_99.root
root://hip-cms-se.csc.fi//store/user/nbinnorj/VBSSignalProdv3p0_NanoGen_v1p0/CRABOUTPUT/ZJJZJJjj_EWK_LO_4f_mmjj150_madgraph_pythia8/RunIII2024Summer24NanoGeN_v1p0/241226_134531/0000/NanoGen_113.root
root://hip-cms-se.csc.fi//store/user/nbinnorj/VBSSignalProdv3p0_NanoGen_v1p0/CRABOUTPUT/ZJJZJJjj_EWK_LO_4f_mmjj150_madgraph_pythia8/RunIII2024Summer24NanoGeN_v1p0/241226_134531/0000/NanoGen_105.root
root://hip-cms-se.csc.fi//store/user/nbinnorj/VBSSignalProdv3p0_NanoGen_v1p0/CRABOUTPUT/ZJJZJJjj_EWK_LO_4f_mmjj150_madgraph_pythia8/RunIII2024Summer24NanoGeN_v1p0/241226_134531/0000/NanoGen_94.root
root://hip-cms-se.csc.fi//store/user/nbinnorj/VBSSignalProdv3p0_NanoGen_v1p0/CRABOUTPUT/ZJJZJJjj_EWK_LO_4f_mmjj150_madgraph_pythia8/RunIII2024Summer24NanoGeN_v1p0/241226_134531/0000/NanoGen_103.root
root://hip-cms-se.csc.fi//store/user/nbinnorj/VBSSignalProdv3p0_NanoGen_v1p0/CRABOUTPUT/ZJJZJJjj_EWK_LO_4f_mmjj150_madgraph_pythia8/RunIII2024Summer24NanoGeN_v1p0/241226_134531/0000/NanoGen_107.root
root://hip-cms-se.csc.fi//store/user/nbinnorj/VBSSignalProdv3p0_NanoGen_v1p0/CRABOUTPUT/ZJJZJJjj_EWK_LO_4f_mmjj150_madgraph_pythia8/RunIII2024Summer24NanoGeN_v1p0/241226_134531/0000/NanoGen_97.root
root://hip-cms-se.csc.fi//store/user/nbinnorj/VBSSignalProdv3p0_NanoGen_v1p0/CRABOUTPUT/ZJJZJJjj_EWK_LO_4f_mmjj150_madgraph_pythia8/RunIII2024Summer24NanoGeN_v1p0/241226_134531/0000/NanoGen_112.root
root://hip-cms-se.csc.fi//store/user/nbinnorj/VBSSignalProdv3p0_NanoGen_v1p0/CRABOUTPUT/ZJJZJJjj_EWK_LO_4f_mmjj150_madgraph_pythia8/RunIII2024Summer24NanoGeN_v1p0/241226_134531/0000/NanoGen_117.root
root://hip-cms-se.csc.fi//store/user/nbinnorj/VBSSignalProdv3p0_NanoGen_v1p0/CRABOUTPUT/ZJJZJJjj_EWK_LO_4f_mmjj150_madgraph_pythia8/RunIII2024Summer24NanoGeN_v1p0/241226_134531/0000/NanoGen_95.root
root://hip-cms-se.csc.fi//store/user/nbinnorj/VBSSignalProdv3p0_NanoGen_v1p0/CRABOUTPUT/ZJJZJJjj_EWK_LO_4f_mmjj150_madgraph_pythia8/RunIII2024Summer24NanoGeN_v1p0/241226_134531/0000/NanoGen_25.root
root://hip-cms-se.csc.fi//store/user/nbinnorj/VBSSignalProdv3p0_NanoGen_v1p0/CRABOUTPUT/ZJJZJJjj_EWK_LO_4f_mmjj150_madgraph_pythia8/RunIII2024Summer24NanoGeN_v1p0/241226_134531/0000/NanoGen_50.root
root://hip-cms-se.csc.fi//store/user/nbinnorj/VBSSignalProdv3p0_NanoGen_v1p0/CRABOUTPUT/ZJJZJJjj_EWK_LO_4f_mmjj150_madgraph_pythia8/RunIII2024Summer24NanoGeN_v1p0/241226_134531/0000/NanoGen_86.root
root://hip-cms-se.csc.fi//store/user/nbinnorj/VBSSignalProdv3p0_NanoGen_v1p0/CRABOUTPUT/ZJJZJJjj_EWK_LO_4f_mmjj150_madgraph_pythia8/RunIII2024Summer24NanoGeN_v1p0/241226_134531/0000/NanoGen_57.root
root://hip-cms-se.csc.fi//store/user/nbinnorj/VBSSignalProdv3p0_NanoGen_v1p0/CRABOUTPUT/ZJJZJJjj_EWK_LO_4f_mmjj150_madgraph_pythia8/RunIII2024Summer24NanoGeN_v1p0/241226_134531/0000/NanoGen_116.root
root://hip-cms-se.csc.fi//store/user/nbinnorj/VBSSignalProdv3p0_NanoGen_v1p0/CRABOUTPUT/ZJJZJJjj_EWK_LO_4f_mmjj150_madgraph_pythia8/RunIII2024Summer24NanoGeN_v1p0/241226_134531/0000/NanoGen_49.root
root://hip-cms-se.csc.fi//store/user/nbinnorj/VBSSignalProdv3p0_NanoGen_v1p0/CRABOUTPUT/ZJJZJJjj_EWK_LO_4f_mmjj150_madgraph_pythia8/RunIII2024Summer24NanoGeN_v1p0/241226_134531/0000/NanoGen_96.root
root://hip-cms-se.csc.fi//store/user/nbinnorj/VBSSignalProdv3p0_NanoGen_v1p0/CRABOUTPUT/ZJJZJJjj_EWK_LO_4f_mmjj150_madgraph_pythia8/RunIII2024Summer24NanoGeN_v1p0/241226_134531/0000/NanoGen_71.root
root://hip-cms-se.csc.fi//store/user/nbinnorj/VBSSignalProdv3p0_NanoGen_v1p0/CRABOUTPUT/ZJJZJJjj_EWK_LO_4f_mmjj150_madgraph_pythia8/RunIII2024Summer24NanoGeN_v1p0/241226_134531/0000/NanoGen_58.root
root://hip-cms-se.csc.fi//store/user/nbinnorj/VBSSignalProdv3p0_NanoGen_v1p0/CRABOUTPUT/ZJJZJJjj_EWK_LO_4f_mmjj150_madgraph_pythia8/RunIII2024Summer24NanoGeN_v1p0/241226_134531/0000/NanoGen_65.root
root://hip-cms-se.csc.fi//store/user/nbinnorj/VBSSignalProdv3p0_NanoGen_v1p0/CRABOUTPUT/ZJJZJJjj_EWK_LO_4f_mmjj150_madgraph_pythia8/RunIII2024Summer24NanoGeN_v1p0/241226_134531/0000/NanoGen_104.root
root://hip-cms-se.csc.fi//store/user/nbinnorj/VBSSignalProdv3p0_NanoGen_v1p0/CRABOUTPUT/ZJJZJJjj_EWK_LO_4f_mmjj150_madgraph_pythia8/RunIII2024Summer24NanoGeN_v1p0/241226_134531/0000/NanoGen_82.root
root://hip-cms-se.csc.fi//store/user/nbinnorj/VBSSignalProdv3p0_NanoGen_v1p0/CRABOUTPUT/ZJJZJJjj_EWK_LO_4f_mmjj150_madgraph_pythia8/RunIII2024Summer24NanoGeN_v1p0/241226_134531/0000/NanoGen_85.root
root://hip-cms-se.csc.fi//store/user/nbinnorj/VBSSignalProdv3p0_NanoGen_v1p0/CRABOUTPUT/ZJJZJJjj_EWK_LO_4f_mmjj150_madgraph_pythia8/RunIII2024Summer24NanoGeN_v1p0/241226_134531/0000/NanoGen_77.root
root://hip-cms-se.csc.fi//store/user/nbinnorj/VBSSignalProdv3p0_NanoGen_v1p0/CRABOUTPUT/ZJJZJJjj_EWK_LO_4f_mmjj150_madgraph_pythia8/RunIII2024Summer24NanoGeN_v1p0/241226_134531/0000/NanoGen_119.root
root://hip-cms-se.csc.fi//store/user/nbinnorj/VBSSignalProdv3p0_NanoGen_v1p0/CRABOUTPUT/ZJJZJJjj_EWK_LO_4f_mmjj150_madgraph_pythia8/RunIII2024Summer24NanoGeN_v1p0/241226_134531/0000/NanoGen_62.root
root://hip-cms-se.csc.fi//store/user/nbinnorj/VBSSignalProdv3p0_NanoGen_v1p0/CRABOUTPUT/ZJJZJJjj_EWK_LO_4f_mmjj150_madgraph_pythia8/RunIII2024Summer24NanoGeN_v1p0/241226_134531/0000/NanoGen_93.root
root://hip-cms-se.csc.fi//store/user/nbinnorj/VBSSignalProdv3p0_NanoGen_v1p0/CRABOUTPUT/ZJJZJJjj_EWK_LO_4f_mmjj150_madgraph_pythia8/RunIII2024Summer24NanoGeN_v1p0/241226_134531/0000/NanoGen_114.root
root://hip-cms-se.csc.fi//store/user/nbinnorj/VBSSignalProdv3p0_NanoGen_v1p0/CRABOUTPUT/ZJJZJJjj_EWK_LO_4f_mmjj150_madgraph_pythia8/RunIII2024Summer24NanoGeN_v1p0/241226_134531/0000/NanoGen_88.root
root://hip-cms-se.csc.fi//store/user/nbinnorj/VBSSignalProdv3p0_NanoGen_v1p0/CRABOUTPUT/ZJJZJJjj_EWK_LO_4f_mmjj150_madgraph_pythia8/RunIII2024Summer24NanoGeN_v1p0/241226_134531/0000/NanoGen_3.root
root://hip-cms-se.csc.fi//store/user/nbinnorj/VBSSignalProdv3p0_NanoGen_v1p0/CRABOUTPUT/ZJJZJJjj_EWK_LO_4f_mmjj150_madgraph_pythia8/RunIII2024Summer24NanoGeN_v1p0/241226_134531/0000/NanoGen_4.root
root://hip-cms-se.csc.fi//store/user/nbinnorj/VBSSignalProdv3p0_NanoGen_v1p0/CRABOUTPUT/ZJJZJJjj_EWK_LO_4f_mmjj150_madgraph_pythia8/RunIII2024Summer24NanoGeN_v1p0/241226_134531/0000/NanoGen_2.root
root://hip-cms-se.csc.fi//store/user/nbinnorj/VBSSignalProdv3p0_NanoGen_v1p0/CRABOUTPUT/ZJJZJJjj_EWK_LO_4f_mmjj150_madgraph_pythia8/RunIII2024Summer24NanoGeN_v1p0/241226_134531/0000/NanoGen_5.root
root://hip-cms-se.csc.fi//store/user/nbinnorj/VBSSignalProdv3p0_NanoGen_v1p0/CRABOUTPUT/ZJJZJJjj_EWK_LO_4f_mmjj150_madgraph_pythia8/RunIII2024Summer24NanoGeN_v1p0/241226_134531/0000/NanoGen_1.root
root://hip-cms-se.csc.fi//store/user/nbinnorj/VBSSignalProdv3p0_NanoGen_v1p0/CRABOUTPUT/ZJJZJJjj_EWK_LO_4f_mmjj150_madgraph_pythia8/RunIII2024Summer24NanoGeN_v1p0/241226_134531/0000/NanoGen_12.root
root://hip-cms-se.csc.fi//store/user/nbinnorj/VBSSignalProdv3p0_NanoGen_v1p0/CRABOUTPUT/ZJJZJJjj_EWK_LO_4f_mmjj150_madgraph_pythia8/RunIII2024Summer24NanoGeN_v1p0/241226_134531/0000/NanoGen_26.root
root://hip-cms-se.csc.fi//store/user/nbinnorj/VBSSignalProdv3p0_NanoGen_v1p0/CRABOUTPUT/ZJJZJJjj_EWK_LO_4f_mmjj150_madgraph_pythia8/RunIII2024Summer24NanoGeN_v1p0/241226_134531/0000/NanoGen_22.root
root://hip-cms-se.csc.fi//store/user/nbinnorj/VBSSignalProdv3p0_NanoGen_v1p0/CRABOUTPUT/ZJJZJJjj_EWK_LO_4f_mmjj150_madgraph_pythia8/RunIII2024Summer24NanoGeN_v1p0/241226_134531/0000/NanoGen_8.root
root://hip-cms-se.csc.fi//store/user/nbinnorj/VBSSignalProdv3p0_NanoGen_v1p0/CRABOUTPUT/ZJJZJJjj_EWK_LO_4f_mmjj150_madgraph_pythia8/RunIII2024Summer24NanoGeN_v1p0/241226_134531/0000/NanoGen_17.root
root://hip-cms-se.csc.fi//store/user/nbinnorj/VBSSignalProdv3p0_NanoGen_v1p0/CRABOUTPUT/ZJJZJJjj_EWK_LO_4f_mmjj150_madgraph_pythia8/RunIII2024Summer24NanoGeN_v1p0/241226_134531/0000/NanoGen_18.root
root://hip-cms-se.csc.fi//store/user/nbinnorj/VBSSignalProdv3p0_NanoGen_v1p0/CRABOUTPUT/ZJJZJJjj_EWK_LO_4f_mmjj150_madgraph_pythia8/RunIII2024Summer24NanoGeN_v1p0/241226_134531/0000/NanoGen_28.root
root://hip-cms-se.csc.fi//store/user/nbinnorj/VBSSignalProdv3p0_NanoGen_v1p0/CRABOUTPUT/ZJJZJJjj_EWK_LO_4f_mmjj150_madgraph_pythia8/RunIII2024Summer24NanoGeN_v1p0/241226_134531/0000/NanoGen_20.root
nEntries=1500000
0 / 1500000
500 / 1500000
1000 / 1500000
1500 / 1500000
2000 / 1500000
2500 / 1500000
3000 / 1500000
3500 / 1500000
4000 / 1500000
4500 / 1500000
5000 / 1500000
5500 / 1500000
6000 / 1500000
6500 / 1500000
7000 / 1500000
7500 / 1500000
8000 / 1500000
8500 / 1500000
9000 / 1500000
9500 / 1500000
10000 / 1500000
10500 / 1500000
11000 / 1500000
11500 / 1500000
12000 / 1500000
12500 / 1500000
13000 / 1500000
13500 / 1500000
14000 / 1500000
14500 / 1500000
15000 / 1500000
15500 / 1500000
16000 / 1500000
16500 / 1500000
17000 / 1500000
17500 / 1500000
18000 / 1500000
18500 / 1500000
19000 / 1500000
19500 / 1500000
20000 / 1500000
20500 / 1500000
21000 / 1500000
21500 / 1500000
22000 / 1500000
22500 / 1500000
23000 / 1500000
23500 / 1500000
24000 / 1500000
24500 / 1500000
25000 / 1500000
25500 / 1500000
26000 / 1500000
26500 / 1500000
27000 / 1500000
27500 / 1500000
28000 / 1500000
28500 / 1500000
29000 / 1500000
29500 / 1500000
30000 / 1500000
30500 / 1500000
31000 / 1500000
31500 / 1500000
32000 / 1500000
32500 / 1500000
33000 / 1500000
33500 / 1500000
34000 / 1500000
34500 / 1500000
35000 / 1500000
35500 / 1500000
36000 / 1500000
36500 / 1500000
37000 / 1500000
37500 / 1500000
38000 / 1500000
38500 / 1500000
39000 / 1500000
39500 / 1500000
40000 / 1500000
40500 / 1500000
41000 / 1500000
41500 / 1500000
42000 / 1500000
42500 / 1500000
43000 / 1500000
43500 / 1500000
44000 / 1500000
44500 / 1500000
45000 / 1500000
45500 / 1500000
46000 / 1500000
46500 / 1500000
47000 / 1500000
47500 / 1500000
48000 / 1500000
48500 / 1500000
49000 / 1500000
49500 / 1500000
50000 / 1500000
50500 / 1500000
51000 / 1500000
51500 / 1500000
52000 / 1500000
52500 / 1500000
53000 / 1500000
53500 / 1500000
54000 / 1500000
54500 / 1500000
55000 / 1500000
55500 / 1500000
56000 / 1500000
56500 / 1500000
57000 / 1500000
57500 / 1500000
58000 / 1500000
58500 / 1500000
59000 / 1500000
59500 / 1500000
60000 / 1500000
60500 / 1500000
61000 / 1500000
61500 / 1500000
62000 / 1500000
62500 / 1500000
63000 / 1500000
63500 / 1500000
64000 / 1500000
64500 / 1500000
65000 / 1500000
65500 / 1500000
66000 / 1500000
66500 / 1500000
67000 / 1500000
67500 / 1500000
68000 / 1500000
68500 / 1500000
69000 / 1500000
69500 / 1500000
70000 / 1500000
70500 / 1500000
71000 / 1500000
71500 / 1500000
72000 / 1500000
72500 / 1500000
73000 / 1500000
73500 / 1500000
74000 / 1500000
74500 / 1500000
75000 / 1500000
75500 / 1500000
76000 / 1500000
76500 / 1500000
77000 / 1500000
77500 / 1500000
78000 / 1500000
78500 / 1500000
79000 / 1500000
79500 / 1500000
80000 / 1500000
80500 / 1500000
81000 / 1500000
81500 / 1500000
82000 / 1500000
82500 / 1500000
83000 / 1500000
83500 / 1500000
84000 / 1500000
84500 / 1500000
85000 / 1500000
85500 / 1500000
86000 / 1500000
86500 / 1500000
87000 / 1500000
87500 / 1500000
88000 / 1500000
88500 / 1500000
89000 / 1500000
89500 / 1500000
90000 / 1500000
90500 / 1500000
91000 / 1500000
91500 / 1500000
92000 / 1500000
92500 / 1500000
93000 / 1500000
93500 / 1500000
94000 / 1500000
94500 / 1500000
95000 / 1500000
95500 / 1500000
96000 / 1500000
96500 / 1500000
97000 / 1500000
97500 / 1500000
98000 / 1500000
98500 / 1500000
99000 / 1500000
99500 / 1500000
100000 / 1500000
100500 / 1500000
101000 / 1500000
101500 / 1500000
102000 / 1500000
102500 / 1500000
103000 / 1500000
103500 / 1500000
104000 / 1500000
104500 / 1500000
105000 / 1500000
105500 / 1500000
106000 / 1500000
106500 / 1500000
107000 / 1500000
107500 / 1500000
108000 / 1500000
108500 / 1500000
109000 / 1500000
109500 / 1500000
110000 / 1500000
110500 / 1500000
111000 / 1500000
111500 / 1500000
112000 / 1500000
112500 / 1500000
113000 / 1500000
113500 / 1500000
114000 / 1500000
114500 / 1500000
115000 / 1500000
115500 / 1500000
116000 / 1500000
116500 / 1500000
117000 / 1500000
117500 / 1500000
118000 / 1500000
118500 / 1500000
119000 / 1500000
119500 / 1500000
120000 / 1500000
120500 / 1500000
121000 / 1500000
121500 / 1500000
122000 / 1500000
122500 / 1500000
123000 / 1500000
123500 / 1500000
124000 / 1500000
124500 / 1500000
125000 / 1500000
125500 / 1500000
126000 / 1500000
126500 / 1500000
127000 / 1500000
127500 / 1500000
128000 / 1500000
128500 / 1500000
129000 / 1500000
129500 / 1500000
130000 / 1500000
130500 / 1500000
131000 / 1500000
131500 / 1500000
132000 / 1500000
132500 / 1500000
133000 / 1500000
133500 / 1500000
134000 / 1500000
134500 / 1500000
135000 / 1500000
135500 / 1500000
136000 / 1500000
136500 / 1500000
137000 / 1500000
137500 / 1500000
138000 / 1500000
138500 / 1500000
139000 / 1500000
139500 / 1500000
140000 / 1500000
140500 / 1500000
141000 / 1500000
141500 / 1500000
142000 / 1500000
142500 / 1500000
143000 / 1500000
143500 / 1500000
144000 / 1500000
144500 / 1500000
145000 / 1500000
145500 / 1500000
146000 / 1500000
146500 / 1500000
147000 / 1500000
147500 / 1500000
148000 / 1500000
148500 / 1500000
149000 / 1500000
149500 / 1500000
150000 / 1500000
150500 / 1500000
151000 / 1500000
151500 / 1500000
152000 / 1500000
152500 / 1500000
153000 / 1500000
153500 / 1500000
154000 / 1500000
154500 / 1500000
155000 / 1500000
155500 / 1500000
156000 / 1500000
156500 / 1500000
157000 / 1500000
157500 / 1500000
158000 / 1500000
158500 / 1500000
159000 / 1500000
159500 / 1500000
160000 / 1500000
160500 / 1500000
161000 / 1500000
161500 / 1500000
162000 / 1500000
162500 / 1500000
163000 / 1500000
163500 / 1500000
164000 / 1500000
164500 / 1500000
165000 / 1500000
165500 / 1500000
166000 / 1500000
166500 / 1500000
167000 / 1500000
167500 / 1500000
168000 / 1500000
168500 / 1500000
169000 / 1500000
169500 / 1500000
170000 / 1500000
170500 / 1500000
171000 / 1500000
171500 / 1500000
172000 / 1500000
172500 / 1500000
173000 / 1500000
173500 / 1500000
174000 / 1500000
174500 / 1500000
175000 / 1500000
175500 / 1500000
176000 / 1500000
176500 / 1500000
177000 / 1500000
177500 / 1500000
178000 / 1500000
178500 / 1500000
179000 / 1500000
179500 / 1500000
180000 / 1500000
180500 / 1500000
181000 / 1500000
181500 / 1500000
182000 / 1500000
182500 / 1500000
183000 / 1500000
183500 / 1500000
184000 / 1500000
184500 / 1500000
185000 / 1500000
185500 / 1500000
186000 / 1500000
186500 / 1500000
187000 / 1500000
187500 / 1500000
188000 / 1500000
188500 / 1500000
189000 / 1500000
189500 / 1500000
190000 / 1500000
190500 / 1500000
191000 / 1500000
191500 / 1500000
192000 / 1500000
192500 / 1500000
193000 / 1500000
193500 / 1500000
194000 / 1500000
194500 / 1500000
195000 / 1500000
195500 / 1500000
196000 / 1500000
196500 / 1500000
197000 / 1500000
197500 / 1500000
198000 / 1500000
198500 / 1500000
199000 / 1500000
199500 / 1500000
200000 / 1500000
200500 / 1500000
201000 / 1500000
201500 / 1500000
202000 / 1500000
202500 / 1500000
203000 / 1500000
203500 / 1500000
204000 / 1500000
204500 / 1500000
205000 / 1500000
205500 / 1500000
206000 / 1500000
206500 / 1500000
207000 / 1500000
207500 / 1500000
208000 / 1500000
208500 / 1500000
209000 / 1500000
209500 / 1500000
210000 / 1500000
210500 / 1500000
211000 / 1500000
211500 / 1500000
212000 / 1500000
212500 / 1500000
213000 / 1500000
213500 / 1500000
214000 / 1500000
214500 / 1500000
215000 / 1500000
215500 / 1500000
216000 / 1500000
216500 / 1500000
217000 / 1500000
217500 / 1500000
218000 / 1500000
218500 / 1500000
219000 / 1500000
219500 / 1500000
220000 / 1500000
220500 / 1500000
221000 / 1500000
221500 / 1500000
222000 / 1500000
222500 / 1500000
223000 / 1500000
223500 / 1500000
224000 / 1500000
224500 / 1500000
225000 / 1500000
225500 / 1500000
226000 / 1500000
226500 / 1500000
227000 / 1500000
227500 / 1500000
228000 / 1500000
228500 / 1500000
229000 / 1500000
229500 / 1500000
230000 / 1500000
230500 / 1500000
231000 / 1500000
231500 / 1500000
232000 / 1500000
232500 / 1500000
233000 / 1500000
233500 / 1500000
234000 / 1500000
234500 / 1500000
235000 / 1500000
235500 / 1500000
236000 / 1500000
236500 / 1500000
237000 / 1500000
237500 / 1500000
238000 / 1500000
238500 / 1500000
239000 / 1500000
239500 / 1500000
240000 / 1500000
240500 / 1500000
241000 / 1500000
241500 / 1500000
242000 / 1500000
242500 / 1500000
243000 / 1500000
243500 / 1500000
244000 / 1500000
244500 / 1500000
245000 / 1500000
245500 / 1500000
246000 / 1500000
246500 / 1500000
247000 / 1500000
247500 / 1500000
248000 / 1500000
248500 / 1500000
249000 / 1500000
249500 / 1500000
250000 / 1500000
250500 / 1500000
251000 / 1500000
251500 / 1500000
252000 / 1500000
252500 / 1500000
253000 / 1500000
253500 / 1500000
254000 / 1500000
254500 / 1500000
255000 / 1500000
255500 / 1500000
256000 / 1500000
256500 / 1500000
257000 / 1500000
257500 / 1500000
258000 / 1500000
258500 / 1500000
259000 / 1500000
259500 / 1500000
260000 / 1500000
260500 / 1500000
261000 / 1500000
261500 / 1500000
262000 / 1500000
262500 / 1500000
263000 / 1500000
263500 / 1500000
264000 / 1500000
264500 / 1500000
265000 / 1500000
265500 / 1500000
266000 / 1500000
266500 / 1500000
267000 / 1500000
267500 / 1500000
268000 / 1500000
268500 / 1500000
269000 / 1500000
269500 / 1500000
270000 / 1500000
270500 / 1500000
271000 / 1500000
271500 / 1500000
272000 / 1500000
272500 / 1500000
273000 / 1500000
273500 / 1500000
274000 / 1500000
274500 / 1500000
275000 / 1500000
275500 / 1500000
276000 / 1500000
276500 / 1500000
277000 / 1500000
277500 / 1500000
278000 / 1500000
278500 / 1500000
279000 / 1500000
279500 / 1500000
280000 / 1500000
280500 / 1500000
281000 / 1500000
281500 / 1500000
282000 / 1500000
282500 / 1500000
283000 / 1500000
283500 / 1500000
284000 / 1500000
284500 / 1500000
285000 / 1500000
285500 / 1500000
286000 / 1500000
286500 / 1500000
287000 / 1500000
287500 / 1500000
288000 / 1500000
288500 / 1500000
289000 / 1500000
289500 / 1500000
290000 / 1500000
290500 / 1500000
291000 / 1500000
291500 / 1500000
292000 / 1500000
292500 / 1500000
293000 / 1500000
293500 / 1500000
294000 / 1500000
294500 / 1500000
295000 / 1500000
295500 / 1500000
296000 / 1500000
296500 / 1500000
297000 / 1500000
297500 / 1500000
298000 / 1500000
298500 / 1500000
299000 / 1500000
299500 / 1500000
300000 / 1500000
300500 / 1500000
301000 / 1500000
301500 / 1500000
302000 / 1500000
302500 / 1500000
303000 / 1500000
303500 / 1500000
304000 / 1500000
304500 / 1500000
305000 / 1500000
305500 / 1500000
306000 / 1500000
306500 / 1500000
307000 / 1500000
307500 / 1500000
308000 / 1500000
308500 / 1500000
309000 / 1500000
309500 / 1500000
310000 / 1500000
310500 / 1500000
311000 / 1500000
311500 / 1500000
312000 / 1500000
312500 / 1500000
313000 / 1500000
313500 / 1500000
314000 / 1500000
314500 / 1500000
315000 / 1500000
315500 / 1500000
316000 / 1500000
316500 / 1500000
317000 / 1500000
317500 / 1500000
318000 / 1500000
318500 / 1500000
319000 / 1500000
319500 / 1500000
320000 / 1500000
320500 / 1500000
321000 / 1500000
321500 / 1500000
322000 / 1500000
322500 / 1500000
323000 / 1500000
323500 / 1500000
324000 / 1500000
324500 / 1500000
325000 / 1500000
325500 / 1500000
326000 / 1500000
326500 / 1500000
327000 / 1500000
327500 / 1500000
328000 / 1500000
328500 / 1500000
329000 / 1500000
329500 / 1500000
330000 / 1500000
330500 / 1500000
331000 / 1500000
331500 / 1500000
332000 / 1500000
332500 / 1500000
333000 / 1500000
333500 / 1500000
334000 / 1500000
334500 / 1500000
335000 / 1500000
335500 / 1500000
336000 / 1500000
336500 / 1500000
337000 / 1500000
337500 / 1500000
338000 / 1500000
338500 / 1500000
339000 / 1500000
339500 / 1500000
340000 / 1500000
340500 / 1500000
341000 / 1500000
341500 / 1500000
342000 / 1500000
342500 / 1500000
343000 / 1500000
343500 / 1500000
344000 / 1500000
344500 / 1500000
345000 / 1500000
345500 / 1500000
346000 / 1500000
346500 / 1500000
347000 / 1500000
347500 / 1500000
348000 / 1500000
348500 / 1500000
349000 / 1500000
349500 / 1500000
350000 / 1500000
350500 / 1500000
351000 / 1500000
351500 / 1500000
352000 / 1500000
352500 / 1500000
353000 / 1500000
353500 / 1500000
354000 / 1500000
354500 / 1500000
355000 / 1500000
355500 / 1500000
356000 / 1500000
356500 / 1500000
357000 / 1500000
357500 / 1500000
358000 / 1500000
358500 / 1500000
359000 / 1500000
359500 / 1500000
360000 / 1500000
360500 / 1500000
361000 / 1500000
361500 / 1500000
362000 / 1500000
362500 / 1500000
363000 / 1500000
363500 / 1500000
364000 / 1500000
364500 / 1500000
365000 / 1500000
365500 / 1500000
366000 / 1500000
366500 / 1500000
367000 / 1500000
367500 / 1500000
368000 / 1500000
368500 / 1500000
369000 / 1500000
369500 / 1500000
370000 / 1500000
370500 / 1500000
371000 / 1500000
371500 / 1500000
372000 / 1500000
372500 / 1500000
373000 / 1500000
373500 / 1500000
374000 / 1500000
374500 / 1500000
375000 / 1500000
375500 / 1500000
376000 / 1500000
376500 / 1500000
377000 / 1500000
377500 / 1500000
378000 / 1500000
378500 / 1500000
379000 / 1500000
379500 / 1500000
380000 / 1500000
380500 / 1500000
381000 / 1500000
381500 / 1500000
382000 / 1500000
382500 / 1500000
383000 / 1500000
383500 / 1500000
384000 / 1500000
384500 / 1500000
385000 / 1500000
385500 / 1500000
386000 / 1500000
386500 / 1500000
387000 / 1500000
387500 / 1500000
388000 / 1500000
388500 / 1500000
389000 / 1500000
389500 / 1500000
390000 / 1500000
390500 / 1500000
391000 / 1500000
391500 / 1500000
392000 / 1500000
392500 / 1500000
393000 / 1500000
393500 / 1500000
394000 / 1500000
394500 / 1500000
395000 / 1500000
395500 / 1500000
396000 / 1500000
396500 / 1500000
397000 / 1500000
397500 / 1500000
398000 / 1500000
398500 / 1500000
399000 / 1500000
399500 / 1500000
400000 / 1500000
400500 / 1500000
401000 / 1500000
401500 / 1500000
402000 / 1500000
402500 / 1500000
403000 / 1500000
403500 / 1500000
404000 / 1500000
404500 / 1500000
405000 / 1500000
405500 / 1500000
406000 / 1500000
406500 / 1500000
407000 / 1500000
407500 / 1500000
408000 / 1500000
408500 / 1500000
409000 / 1500000
409500 / 1500000
410000 / 1500000
410500 / 1500000
411000 / 1500000
411500 / 1500000
412000 / 1500000
412500 / 1500000
413000 / 1500000
413500 / 1500000
414000 / 1500000
414500 / 1500000
415000 / 1500000
415500 / 1500000
416000 / 1500000
416500 / 1500000
417000 / 1500000
417500 / 1500000
418000 / 1500000
418500 / 1500000
419000 / 1500000
419500 / 1500000
420000 / 1500000
420500 / 1500000
421000 / 1500000
421500 / 1500000
422000 / 1500000
422500 / 1500000
423000 / 1500000
423500 / 1500000
424000 / 1500000
424500 / 1500000
425000 / 1500000
425500 / 1500000
426000 / 1500000
426500 / 1500000
427000 / 1500000
427500 / 1500000
428000 / 1500000
428500 / 1500000
429000 / 1500000
429500 / 1500000
430000 / 1500000
430500 / 1500000
431000 / 1500000
431500 / 1500000
432000 / 1500000
432500 / 1500000
433000 / 1500000
433500 / 1500000
434000 / 1500000
434500 / 1500000
435000 / 1500000
435500 / 1500000
436000 / 1500000
436500 / 1500000
437000 / 1500000
437500 / 1500000
438000 / 1500000
438500 / 1500000
439000 / 1500000
439500 / 1500000
440000 / 1500000
440500 / 1500000
441000 / 1500000
441500 / 1500000
442000 / 1500000
442500 / 1500000
443000 / 1500000
443500 / 1500000
444000 / 1500000
444500 / 1500000
445000 / 1500000
445500 / 1500000
446000 / 1500000
446500 / 1500000
447000 / 1500000
447500 / 1500000
448000 / 1500000
448500 / 1500000
449000 / 1500000
449500 / 1500000
450000 / 1500000
450500 / 1500000
451000 / 1500000
451500 / 1500000
452000 / 1500000
452500 / 1500000
453000 / 1500000
453500 / 1500000
454000 / 1500000
454500 / 1500000
455000 / 1500000
455500 / 1500000
456000 / 1500000
456500 / 1500000
457000 / 1500000
457500 / 1500000
458000 / 1500000
458500 / 1500000
459000 / 1500000
459500 / 1500000
460000 / 1500000
460500 / 1500000
461000 / 1500000
461500 / 1500000
462000 / 1500000
462500 / 1500000
463000 / 1500000
463500 / 1500000
464000 / 1500000
464500 / 1500000
465000 / 1500000
465500 / 1500000
466000 / 1500000
466500 / 1500000
467000 / 1500000
467500 / 1500000
468000 / 1500000
468500 / 1500000
469000 / 1500000
469500 / 1500000
470000 / 1500000
470500 / 1500000
471000 / 1500000
471500 / 1500000
472000 / 1500000
472500 / 1500000
473000 / 1500000
473500 / 1500000
474000 / 1500000
474500 / 1500000
475000 / 1500000
475500 / 1500000
476000 / 1500000
476500 / 1500000
477000 / 1500000
477500 / 1500000
478000 / 1500000
478500 / 1500000
479000 / 1500000
479500 / 1500000
480000 / 1500000
480500 / 1500000
481000 / 1500000
481500 / 1500000
482000 / 1500000
482500 / 1500000
483000 / 1500000
483500 / 1500000
484000 / 1500000
484500 / 1500000
485000 / 1500000
485500 / 1500000
486000 / 1500000
486500 / 1500000
487000 / 1500000
487500 / 1500000
488000 / 1500000
488500 / 1500000
489000 / 1500000
489500 / 1500000
490000 / 1500000
490500 / 1500000
491000 / 1500000
491500 / 1500000
492000 / 1500000
492500 / 1500000
493000 / 1500000
493500 / 1500000
494000 / 1500000
494500 / 1500000
495000 / 1500000
495500 / 1500000
496000 / 1500000
496500 / 1500000
497000 / 1500000
497500 / 1500000
498000 / 1500000
498500 / 1500000
499000 / 1500000
499500 / 1500000
500000 / 1500000
500500 / 1500000
501000 / 1500000
501500 / 1500000
502000 / 1500000
502500 / 1500000
503000 / 1500000
503500 / 1500000
504000 / 1500000
504500 / 1500000
505000 / 1500000
505500 / 1500000
506000 / 1500000
506500 / 1500000
507000 / 1500000
507500 / 1500000
508000 / 1500000
508500 / 1500000
509000 / 1500000
509500 / 1500000
510000 / 1500000
510500 / 1500000
511000 / 1500000
511500 / 1500000
512000 / 1500000
512500 / 1500000
513000 / 1500000
513500 / 1500000
514000 / 1500000
514500 / 1500000
515000 / 1500000
515500 / 1500000
516000 / 1500000
516500 / 1500000
517000 / 1500000
517500 / 1500000
518000 / 1500000
518500 / 1500000
519000 / 1500000
519500 / 1500000
520000 / 1500000
520500 / 1500000
521000 / 1500000
521500 / 1500000
522000 / 1500000
522500 / 1500000
523000 / 1500000
523500 / 1500000
524000 / 1500000
524500 / 1500000
525000 / 1500000
525500 / 1500000
526000 / 1500000
526500 / 1500000
527000 / 1500000
527500 / 1500000
528000 / 1500000
528500 / 1500000
529000 / 1500000
529500 / 1500000
530000 / 1500000
530500 / 1500000
531000 / 1500000
531500 / 1500000
532000 / 1500000
532500 / 1500000
533000 / 1500000
533500 / 1500000
534000 / 1500000
534500 / 1500000
535000 / 1500000
535500 / 1500000
536000 / 1500000
536500 / 1500000
537000 / 1500000
537500 / 1500000
538000 / 1500000
538500 / 1500000
539000 / 1500000
539500 / 1500000
540000 / 1500000
540500 / 1500000
541000 / 1500000
541500 / 1500000
542000 / 1500000
542500 / 1500000
543000 / 1500000
543500 / 1500000
544000 / 1500000
544500 / 1500000
545000 / 1500000
545500 / 1500000
546000 / 1500000
546500 / 1500000
547000 / 1500000
547500 / 1500000
548000 / 1500000
548500 / 1500000
549000 / 1500000
549500 / 1500000
550000 / 1500000
550500 / 1500000
551000 / 1500000
551500 / 1500000
552000 / 1500000
552500 / 1500000
553000 / 1500000
553500 / 1500000
554000 / 1500000
554500 / 1500000
555000 / 1500000
555500 / 1500000
556000 / 1500000
556500 / 1500000
557000 / 1500000
557500 / 1500000
558000 / 1500000
558500 / 1500000
559000 / 1500000
559500 / 1500000
560000 / 1500000
560500 / 1500000
561000 / 1500000
561500 / 1500000
562000 / 1500000
562500 / 1500000
563000 / 1500000
563500 / 1500000
564000 / 1500000
564500 / 1500000
565000 / 1500000
565500 / 1500000
566000 / 1500000
566500 / 1500000
567000 / 1500000
567500 / 1500000
568000 / 1500000
568500 / 1500000
569000 / 1500000
569500 / 1500000
570000 / 1500000
570500 / 1500000
571000 / 1500000
571500 / 1500000
572000 / 1500000
572500 / 1500000
573000 / 1500000
573500 / 1500000
574000 / 1500000
574500 / 1500000
575000 / 1500000
575500 / 1500000
576000 / 1500000
576500 / 1500000
577000 / 1500000
577500 / 1500000
578000 / 1500000
578500 / 1500000
579000 / 1500000
579500 / 1500000
580000 / 1500000
580500 / 1500000
581000 / 1500000
581500 / 1500000
582000 / 1500000
582500 / 1500000
583000 / 1500000
583500 / 1500000
584000 / 1500000
584500 / 1500000
585000 / 1500000
585500 / 1500000
586000 / 1500000
586500 / 1500000
587000 / 1500000
587500 / 1500000
588000 / 1500000
588500 / 1500000
589000 / 1500000
589500 / 1500000
590000 / 1500000
590500 / 1500000
591000 / 1500000
591500 / 1500000
592000 / 1500000
592500 / 1500000
593000 / 1500000
593500 / 1500000
594000 / 1500000
594500 / 1500000
595000 / 1500000
595500 / 1500000
596000 / 1500000
596500 / 1500000
597000 / 1500000
597500 / 1500000
598000 / 1500000
598500 / 1500000
599000 / 1500000
599500 / 1500000
600000 / 1500000
600500 / 1500000
601000 / 1500000
601500 / 1500000
602000 / 1500000
602500 / 1500000
603000 / 1500000
603500 / 1500000
604000 / 1500000
604500 / 1500000
605000 / 1500000
605500 / 1500000
606000 / 1500000
606500 / 1500000
607000 / 1500000
607500 / 1500000
608000 / 1500000
608500 / 1500000
609000 / 1500000
609500 / 1500000
610000 / 1500000
610500 / 1500000
611000 / 1500000
611500 / 1500000
612000 / 1500000
612500 / 1500000
613000 / 1500000
613500 / 1500000
614000 / 1500000
614500 / 1500000
615000 / 1500000
615500 / 1500000
616000 / 1500000
616500 / 1500000
617000 / 1500000
617500 / 1500000
618000 / 1500000
618500 / 1500000
619000 / 1500000
619500 / 1500000
620000 / 1500000
620500 / 1500000
621000 / 1500000
621500 / 1500000
622000 / 1500000
622500 / 1500000
623000 / 1500000
623500 / 1500000
624000 / 1500000
624500 / 1500000
625000 / 1500000
625500 / 1500000
626000 / 1500000
626500 / 1500000
627000 / 1500000
627500 / 1500000
628000 / 1500000
628500 / 1500000
629000 / 1500000
629500 / 1500000
630000 / 1500000
630500 / 1500000
631000 / 1500000
631500 / 1500000
632000 / 1500000
632500 / 1500000
633000 / 1500000
633500 / 1500000
634000 / 1500000
634500 / 1500000
635000 / 1500000
635500 / 1500000
636000 / 1500000
636500 / 1500000
637000 / 1500000
637500 / 1500000
638000 / 1500000
638500 / 1500000
639000 / 1500000
639500 / 1500000
640000 / 1500000
640500 / 1500000
641000 / 1500000
641500 / 1500000
642000 / 1500000
642500 / 1500000
643000 / 1500000
643500 / 1500000
644000 / 1500000
644500 / 1500000
645000 / 1500000
645500 / 1500000
646000 / 1500000
646500 / 1500000
647000 / 1500000
647500 / 1500000
648000 / 1500000
648500 / 1500000
649000 / 1500000
649500 / 1500000
650000 / 1500000
650500 / 1500000
651000 / 1500000
651500 / 1500000
652000 / 1500000
652500 / 1500000
653000 / 1500000
653500 / 1500000
654000 / 1500000
654500 / 1500000
655000 / 1500000
655500 / 1500000
656000 / 1500000
656500 / 1500000
657000 / 1500000
657500 / 1500000
658000 / 1500000
658500 / 1500000
659000 / 1500000
659500 / 1500000
660000 / 1500000
660500 / 1500000
661000 / 1500000
661500 / 1500000
662000 / 1500000
662500 / 1500000
663000 / 1500000
663500 / 1500000
664000 / 1500000
664500 / 1500000
665000 / 1500000
665500 / 1500000
666000 / 1500000
666500 / 1500000
667000 / 1500000
667500 / 1500000
668000 / 1500000
668500 / 1500000
669000 / 1500000
669500 / 1500000
670000 / 1500000
670500 / 1500000
671000 / 1500000
671500 / 1500000
672000 / 1500000
672500 / 1500000
673000 / 1500000
673500 / 1500000
674000 / 1500000
674500 / 1500000
675000 / 1500000
675500 / 1500000
676000 / 1500000
676500 / 1500000
677000 / 1500000
677500 / 1500000
678000 / 1500000
678500 / 1500000
679000 / 1500000
679500 / 1500000
680000 / 1500000
680500 / 1500000
681000 / 1500000
681500 / 1500000
682000 / 1500000
682500 / 1500000
683000 / 1500000
683500 / 1500000
684000 / 1500000
684500 / 1500000
685000 / 1500000
685500 / 1500000
686000 / 1500000
686500 / 1500000
687000 / 1500000
687500 / 1500000
688000 / 1500000
688500 / 1500000
689000 / 1500000
689500 / 1500000
690000 / 1500000
690500 / 1500000
691000 / 1500000
691500 / 1500000
692000 / 1500000
692500 / 1500000
693000 / 1500000
693500 / 1500000
694000 / 1500000
694500 / 1500000
695000 / 1500000
695500 / 1500000
696000 / 1500000
696500 / 1500000
697000 / 1500000
697500 / 1500000
698000 / 1500000
698500 / 1500000
699000 / 1500000
699500 / 1500000
700000 / 1500000
700500 / 1500000
701000 / 1500000
701500 / 1500000
702000 / 1500000
702500 / 1500000
703000 / 1500000
703500 / 1500000
704000 / 1500000
704500 / 1500000
705000 / 1500000
705500 / 1500000
706000 / 1500000
706500 / 1500000
707000 / 1500000
707500 / 1500000
708000 / 1500000
708500 / 1500000
709000 / 1500000
709500 / 1500000
710000 / 1500000
710500 / 1500000
711000 / 1500000
711500 / 1500000
712000 / 1500000
712500 / 1500000
713000 / 1500000
713500 / 1500000
714000 / 1500000
714500 / 1500000
715000 / 1500000
715500 / 1500000
716000 / 1500000
716500 / 1500000
717000 / 1500000
717500 / 1500000
718000 / 1500000
718500 / 1500000
719000 / 1500000
719500 / 1500000
720000 / 1500000
720500 / 1500000
721000 / 1500000
721500 / 1500000
722000 / 1500000
722500 / 1500000
723000 / 1500000
723500 / 1500000
724000 / 1500000
724500 / 1500000
725000 / 1500000
725500 / 1500000
726000 / 1500000
726500 / 1500000
727000 / 1500000
727500 / 1500000
728000 / 1500000
728500 / 1500000
729000 / 1500000
729500 / 1500000
730000 / 1500000
730500 / 1500000
731000 / 1500000
731500 / 1500000
732000 / 1500000
732500 / 1500000
733000 / 1500000
733500 / 1500000
734000 / 1500000
734500 / 1500000
735000 / 1500000
735500 / 1500000
736000 / 1500000
736500 / 1500000
737000 / 1500000
737500 / 1500000
738000 / 1500000
738500 / 1500000
739000 / 1500000
739500 / 1500000
740000 / 1500000
740500 / 1500000
741000 / 1500000
741500 / 1500000
742000 / 1500000
742500 / 1500000
743000 / 1500000
743500 / 1500000
744000 / 1500000
744500 / 1500000
745000 / 1500000
745500 / 1500000
746000 / 1500000
746500 / 1500000
747000 / 1500000
747500 / 1500000
748000 / 1500000
748500 / 1500000
749000 / 1500000
749500 / 1500000
750000 / 1500000
750500 / 1500000
751000 / 1500000
751500 / 1500000
752000 / 1500000
752500 / 1500000
753000 / 1500000
753500 / 1500000
754000 / 1500000
754500 / 1500000
755000 / 1500000
755500 / 1500000
756000 / 1500000
756500 / 1500000
757000 / 1500000
757500 / 1500000
758000 / 1500000
758500 / 1500000
759000 / 1500000
759500 / 1500000
760000 / 1500000
760500 / 1500000
761000 / 1500000
761500 / 1500000
762000 / 1500000
762500 / 1500000
763000 / 1500000
763500 / 1500000
764000 / 1500000
764500 / 1500000
765000 / 1500000
765500 / 1500000
766000 / 1500000
766500 / 1500000
767000 / 1500000
767500 / 1500000
768000 / 1500000
768500 / 1500000
769000 / 1500000
769500 / 1500000
770000 / 1500000
770500 / 1500000
771000 / 1500000
771500 / 1500000
772000 / 1500000
772500 / 1500000
773000 / 1500000
773500 / 1500000
774000 / 1500000
774500 / 1500000
775000 / 1500000
775500 / 1500000
776000 / 1500000
776500 / 1500000
777000 / 1500000
777500 / 1500000
778000 / 1500000
778500 / 1500000
779000 / 1500000
779500 / 1500000
780000 / 1500000
780500 / 1500000
781000 / 1500000
781500 / 1500000
782000 / 1500000
782500 / 1500000
783000 / 1500000
783500 / 1500000
784000 / 1500000
784500 / 1500000
785000 / 1500000
785500 / 1500000
786000 / 1500000
786500 / 1500000
787000 / 1500000
787500 / 1500000
788000 / 1500000
788500 / 1500000
789000 / 1500000
789500 / 1500000
790000 / 1500000
790500 / 1500000
791000 / 1500000
791500 / 1500000
792000 / 1500000
792500 / 1500000
793000 / 1500000
793500 / 1500000
794000 / 1500000
794500 / 1500000
795000 / 1500000
795500 / 1500000
796000 / 1500000
796500 / 1500000
797000 / 1500000
797500 / 1500000
798000 / 1500000
798500 / 1500000
799000 / 1500000
799500 / 1500000
800000 / 1500000
800500 / 1500000
801000 / 1500000
801500 / 1500000
802000 / 1500000
802500 / 1500000
803000 / 1500000
803500 / 1500000
804000 / 1500000
804500 / 1500000
805000 / 1500000
805500 / 1500000
806000 / 1500000
806500 / 1500000
807000 / 1500000
807500 / 1500000
808000 / 1500000
808500 / 1500000
809000 / 1500000
809500 / 1500000
810000 / 1500000
810500 / 1500000
811000 / 1500000
811500 / 1500000
812000 / 1500000
812500 / 1500000
813000 / 1500000
813500 / 1500000
814000 / 1500000
814500 / 1500000
815000 / 1500000
815500 / 1500000
816000 / 1500000
816500 / 1500000
817000 / 1500000
817500 / 1500000
818000 / 1500000
818500 / 1500000
819000 / 1500000
819500 / 1500000
820000 / 1500000
820500 / 1500000
821000 / 1500000
821500 / 1500000
822000 / 1500000
822500 / 1500000
823000 / 1500000
823500 / 1500000
824000 / 1500000
824500 / 1500000
825000 / 1500000
825500 / 1500000
826000 / 1500000
826500 / 1500000
827000 / 1500000
827500 / 1500000
828000 / 1500000
828500 / 1500000
829000 / 1500000
829500 / 1500000
830000 / 1500000
830500 / 1500000
831000 / 1500000
831500 / 1500000
832000 / 1500000
832500 / 1500000
833000 / 1500000
833500 / 1500000
834000 / 1500000
834500 / 1500000
835000 / 1500000
835500 / 1500000
836000 / 1500000
836500 / 1500000
837000 / 1500000
837500 / 1500000
838000 / 1500000
838500 / 1500000
839000 / 1500000
839500 / 1500000
840000 / 1500000
840500 / 1500000
841000 / 1500000
841500 / 1500000
842000 / 1500000
842500 / 1500000
843000 / 1500000
843500 / 1500000
844000 / 1500000
844500 / 1500000
845000 / 1500000
845500 / 1500000
846000 / 1500000
846500 / 1500000
847000 / 1500000
847500 / 1500000
848000 / 1500000
848500 / 1500000
849000 / 1500000
849500 / 1500000
850000 / 1500000
850500 / 1500000
851000 / 1500000
851500 / 1500000
852000 / 1500000
852500 / 1500000
853000 / 1500000
853500 / 1500000
854000 / 1500000
854500 / 1500000
855000 / 1500000
855500 / 1500000
856000 / 1500000
856500 / 1500000
857000 / 1500000
857500 / 1500000
858000 / 1500000
858500 / 1500000
859000 / 1500000
859500 / 1500000
860000 / 1500000
860500 / 1500000
861000 / 1500000
861500 / 1500000
862000 / 1500000
862500 / 1500000
863000 / 1500000
863500 / 1500000
864000 / 1500000
864500 / 1500000
865000 / 1500000
865500 / 1500000
866000 / 1500000
866500 / 1500000
867000 / 1500000
867500 / 1500000
868000 / 1500000
868500 / 1500000
869000 / 1500000
869500 / 1500000
870000 / 1500000
870500 / 1500000
871000 / 1500000
871500 / 1500000
872000 / 1500000
872500 / 1500000
873000 / 1500000
873500 / 1500000
874000 / 1500000
874500 / 1500000
875000 / 1500000
875500 / 1500000
876000 / 1500000
876500 / 1500000
877000 / 1500000
877500 / 1500000
878000 / 1500000
878500 / 1500000
879000 / 1500000
879500 / 1500000
880000 / 1500000
880500 / 1500000
881000 / 1500000
881500 / 1500000
882000 / 1500000
882500 / 1500000
883000 / 1500000
883500 / 1500000
884000 / 1500000
884500 / 1500000
885000 / 1500000
885500 / 1500000
886000 / 1500000
886500 / 1500000
887000 / 1500000
887500 / 1500000
888000 / 1500000
888500 / 1500000
889000 / 1500000
889500 / 1500000
890000 / 1500000
890500 / 1500000
891000 / 1500000
891500 / 1500000
892000 / 1500000
892500 / 1500000
893000 / 1500000
893500 / 1500000
894000 / 1500000
894500 / 1500000
895000 / 1500000
895500 / 1500000
896000 / 1500000
896500 / 1500000
897000 / 1500000
897500 / 1500000
898000 / 1500000
898500 / 1500000
899000 / 1500000
899500 / 1500000
900000 / 1500000
900500 / 1500000
901000 / 1500000
901500 / 1500000
902000 / 1500000
902500 / 1500000
903000 / 1500000
903500 / 1500000
904000 / 1500000
904500 / 1500000
905000 / 1500000
905500 / 1500000
906000 / 1500000
906500 / 1500000
907000 / 1500000
907500 / 1500000
908000 / 1500000
908500 / 1500000
909000 / 1500000
909500 / 1500000
910000 / 1500000
910500 / 1500000
911000 / 1500000
911500 / 1500000
912000 / 1500000
912500 / 1500000
913000 / 1500000
913500 / 1500000
914000 / 1500000
914500 / 1500000
915000 / 1500000
915500 / 1500000
916000 / 1500000
916500 / 1500000
917000 / 1500000
917500 / 1500000
918000 / 1500000
918500 / 1500000
919000 / 1500000
919500 / 1500000
920000 / 1500000
920500 / 1500000
921000 / 1500000
921500 / 1500000
922000 / 1500000
922500 / 1500000
923000 / 1500000
923500 / 1500000
924000 / 1500000
924500 / 1500000
925000 / 1500000
925500 / 1500000
926000 / 1500000
926500 / 1500000
927000 / 1500000
927500 / 1500000
928000 / 1500000
928500 / 1500000
929000 / 1500000
929500 / 1500000
930000 / 1500000
930500 / 1500000
931000 / 1500000
931500 / 1500000
932000 / 1500000
932500 / 1500000
933000 / 1500000
933500 / 1500000
934000 / 1500000
934500 / 1500000
935000 / 1500000
935500 / 1500000
936000 / 1500000
936500 / 1500000
937000 / 1500000
937500 / 1500000
938000 / 1500000
938500 / 1500000
939000 / 1500000
939500 / 1500000
940000 / 1500000
940500 / 1500000
941000 / 1500000
941500 / 1500000
942000 / 1500000
942500 / 1500000
943000 / 1500000
943500 / 1500000
944000 / 1500000
944500 / 1500000
945000 / 1500000
945500 / 1500000
946000 / 1500000
946500 / 1500000
947000 / 1500000
947500 / 1500000
948000 / 1500000
948500 / 1500000
949000 / 1500000
949500 / 1500000
950000 / 1500000
950500 / 1500000
951000 / 1500000
951500 / 1500000
952000 / 1500000
952500 / 1500000
953000 / 1500000
953500 / 1500000
954000 / 1500000
954500 / 1500000
955000 / 1500000
955500 / 1500000
956000 / 1500000
956500 / 1500000
957000 / 1500000
957500 / 1500000
958000 / 1500000
958500 / 1500000
959000 / 1500000
959500 / 1500000
960000 / 1500000
960500 / 1500000
961000 / 1500000
961500 / 1500000
962000 / 1500000
962500 / 1500000
963000 / 1500000
963500 / 1500000
964000 / 1500000
964500 / 1500000
965000 / 1500000
965500 / 1500000
966000 / 1500000
966500 / 1500000
967000 / 1500000
967500 / 1500000
968000 / 1500000
968500 / 1500000
969000 / 1500000
969500 / 1500000
970000 / 1500000
970500 / 1500000
971000 / 1500000
971500 / 1500000
972000 / 1500000
972500 / 1500000
973000 / 1500000
973500 / 1500000
974000 / 1500000
974500 / 1500000
975000 / 1500000
975500 / 1500000
976000 / 1500000
976500 / 1500000
977000 / 1500000
977500 / 1500000
978000 / 1500000
978500 / 1500000
979000 / 1500000
979500 / 1500000
980000 / 1500000
980500 / 1500000
981000 / 1500000
981500 / 1500000
982000 / 1500000
982500 / 1500000
983000 / 1500000
983500 / 1500000
984000 / 1500000
984500 / 1500000
985000 / 1500000
985500 / 1500000
986000 / 1500000
986500 / 1500000
987000 / 1500000
987500 / 1500000
988000 / 1500000
988500 / 1500000
989000 / 1500000
989500 / 1500000
990000 / 1500000
990500 / 1500000
991000 / 1500000
991500 / 1500000
992000 / 1500000
992500 / 1500000
993000 / 1500000
993500 / 1500000
994000 / 1500000
994500 / 1500000
995000 / 1500000
995500 / 1500000
996000 / 1500000
996500 / 1500000
997000 / 1500000
997500 / 1500000
998000 / 1500000
998500 / 1500000
999000 / 1500000
999500 / 1500000
1000000 / 1500000
1000500 / 1500000
1001000 / 1500000
1001500 / 1500000
1002000 / 1500000
1002500 / 1500000
1003000 / 1500000
1003500 / 1500000
1004000 / 1500000
1004500 / 1500000
1005000 / 1500000
1005500 / 1500000
1006000 / 1500000
1006500 / 1500000
1007000 / 1500000
1007500 / 1500000
1008000 / 1500000
1008500 / 1500000
1009000 / 1500000
1009500 / 1500000
1010000 / 1500000
1010500 / 1500000
1011000 / 1500000
1011500 / 1500000
1012000 / 1500000
1012500 / 1500000
1013000 / 1500000
1013500 / 1500000
1014000 / 1500000
1014500 / 1500000
1015000 / 1500000
1015500 / 1500000
1016000 / 1500000
1016500 / 1500000
1017000 / 1500000
1017500 / 1500000
1018000 / 1500000
1018500 / 1500000
1019000 / 1500000
1019500 / 1500000
1020000 / 1500000
1020500 / 1500000
1021000 / 1500000
1021500 / 1500000
1022000 / 1500000
1022500 / 1500000
1023000 / 1500000
1023500 / 1500000
1024000 / 1500000
1024500 / 1500000
1025000 / 1500000
1025500 / 1500000
1026000 / 1500000
1026500 / 1500000
1027000 / 1500000
1027500 / 1500000
1028000 / 1500000
1028500 / 1500000
1029000 / 1500000
1029500 / 1500000
1030000 / 1500000
1030500 / 1500000
1031000 / 1500000
1031500 / 1500000
1032000 / 1500000
1032500 / 1500000
1033000 / 1500000
1033500 / 1500000
1034000 / 1500000
1034500 / 1500000
1035000 / 1500000
1035500 / 1500000
1036000 / 1500000
1036500 / 1500000
1037000 / 1500000
1037500 / 1500000
1038000 / 1500000
1038500 / 1500000
1039000 / 1500000
1039500 / 1500000
1040000 / 1500000
1040500 / 1500000
1041000 / 1500000
1041500 / 1500000
1042000 / 1500000
1042500 / 1500000
1043000 / 1500000
1043500 / 1500000
1044000 / 1500000
1044500 / 1500000
1045000 / 1500000
1045500 / 1500000
1046000 / 1500000
1046500 / 1500000
1047000 / 1500000
1047500 / 1500000
1048000 / 1500000
1048500 / 1500000
1049000 / 1500000
1049500 / 1500000
1050000 / 1500000
1050500 / 1500000
1051000 / 1500000
1051500 / 1500000
1052000 / 1500000
1052500 / 1500000
1053000 / 1500000
1053500 / 1500000
1054000 / 1500000
1054500 / 1500000
1055000 / 1500000
1055500 / 1500000
1056000 / 1500000
1056500 / 1500000
1057000 / 1500000
1057500 / 1500000
1058000 / 1500000
1058500 / 1500000
1059000 / 1500000
1059500 / 1500000
1060000 / 1500000
1060500 / 1500000
1061000 / 1500000
1061500 / 1500000
1062000 / 1500000
1062500 / 1500000
1063000 / 1500000
1063500 / 1500000
1064000 / 1500000
1064500 / 1500000
1065000 / 1500000
1065500 / 1500000
1066000 / 1500000
1066500 / 1500000
1067000 / 1500000
1067500 / 1500000
1068000 / 1500000
1068500 / 1500000
1069000 / 1500000
1069500 / 1500000
1070000 / 1500000
1070500 / 1500000
1071000 / 1500000
1071500 / 1500000
1072000 / 1500000
1072500 / 1500000
1073000 / 1500000
1073500 / 1500000
1074000 / 1500000
1074500 / 1500000
1075000 / 1500000
1075500 / 1500000
1076000 / 1500000
1076500 / 1500000
1077000 / 1500000
1077500 / 1500000
1078000 / 1500000
1078500 / 1500000
1079000 / 1500000
1079500 / 1500000
1080000 / 1500000
1080500 / 1500000
1081000 / 1500000
1081500 / 1500000
1082000 / 1500000
1082500 / 1500000
1083000 / 1500000
1083500 / 1500000
1084000 / 1500000
1084500 / 1500000
1085000 / 1500000
1085500 / 1500000
1086000 / 1500000
1086500 / 1500000
1087000 / 1500000
1087500 / 1500000
1088000 / 1500000
1088500 / 1500000
1089000 / 1500000
1089500 / 1500000
1090000 / 1500000
1090500 / 1500000
1091000 / 1500000
1091500 / 1500000
1092000 / 1500000
1092500 / 1500000
1093000 / 1500000
1093500 / 1500000
1094000 / 1500000
1094500 / 1500000
1095000 / 1500000
1095500 / 1500000
1096000 / 1500000
1096500 / 1500000
1097000 / 1500000
1097500 / 1500000
1098000 / 1500000
1098500 / 1500000
1099000 / 1500000
1099500 / 1500000
1100000 / 1500000
1100500 / 1500000
1101000 / 1500000
1101500 / 1500000
1102000 / 1500000
1102500 / 1500000
1103000 / 1500000
1103500 / 1500000
1104000 / 1500000
1104500 / 1500000
1105000 / 1500000
1105500 / 1500000
1106000 / 1500000
1106500 / 1500000
1107000 / 1500000
1107500 / 1500000
1108000 / 1500000
1108500 / 1500000
1109000 / 1500000
1109500 / 1500000
1110000 / 1500000
1110500 / 1500000
1111000 / 1500000
1111500 / 1500000
1112000 / 1500000
1112500 / 1500000
1113000 / 1500000
1113500 / 1500000
1114000 / 1500000
1114500 / 1500000
1115000 / 1500000
1115500 / 1500000
1116000 / 1500000
1116500 / 1500000
1117000 / 1500000
1117500 / 1500000
1118000 / 1500000
1118500 / 1500000
1119000 / 1500000
1119500 / 1500000
1120000 / 1500000
1120500 / 1500000
1121000 / 1500000
1121500 / 1500000
1122000 / 1500000
1122500 / 1500000
1123000 / 1500000
1123500 / 1500000
1124000 / 1500000
1124500 / 1500000
1125000 / 1500000
1125500 / 1500000
1126000 / 1500000
1126500 / 1500000
1127000 / 1500000
1127500 / 1500000
1128000 / 1500000
1128500 / 1500000
1129000 / 1500000
1129500 / 1500000
1130000 / 1500000
1130500 / 1500000
1131000 / 1500000
1131500 / 1500000
1132000 / 1500000
1132500 / 1500000
1133000 / 1500000
1133500 / 1500000
1134000 / 1500000
1134500 / 1500000
1135000 / 1500000
1135500 / 1500000
1136000 / 1500000
1136500 / 1500000
1137000 / 1500000
1137500 / 1500000
1138000 / 1500000
1138500 / 1500000
1139000 / 1500000
1139500 / 1500000
1140000 / 1500000
1140500 / 1500000
1141000 / 1500000
1141500 / 1500000
1142000 / 1500000
1142500 / 1500000
1143000 / 1500000
1143500 / 1500000
1144000 / 1500000
1144500 / 1500000
1145000 / 1500000
1145500 / 1500000
1146000 / 1500000
1146500 / 1500000
1147000 / 1500000
1147500 / 1500000
1148000 / 1500000
1148500 / 1500000
1149000 / 1500000
1149500 / 1500000
1150000 / 1500000
1150500 / 1500000
1151000 / 1500000
1151500 / 1500000
1152000 / 1500000
1152500 / 1500000
1153000 / 1500000
1153500 / 1500000
1154000 / 1500000
1154500 / 1500000
1155000 / 1500000
1155500 / 1500000
1156000 / 1500000
1156500 / 1500000
1157000 / 1500000
1157500 / 1500000
1158000 / 1500000
1158500 / 1500000
1159000 / 1500000
1159500 / 1500000
1160000 / 1500000
1160500 / 1500000
1161000 / 1500000
1161500 / 1500000
1162000 / 1500000
1162500 / 1500000
1163000 / 1500000
1163500 / 1500000
1164000 / 1500000
1164500 / 1500000
1165000 / 1500000
1165500 / 1500000
1166000 / 1500000
1166500 / 1500000
1167000 / 1500000
1167500 / 1500000
1168000 / 1500000
1168500 / 1500000
1169000 / 1500000
1169500 / 1500000
1170000 / 1500000
1170500 / 1500000
1171000 / 1500000
1171500 / 1500000
1172000 / 1500000
1172500 / 1500000
1173000 / 1500000
1173500 / 1500000
1174000 / 1500000
1174500 / 1500000
1175000 / 1500000
1175500 / 1500000
1176000 / 1500000
1176500 / 1500000
1177000 / 1500000
1177500 / 1500000
1178000 / 1500000
1178500 / 1500000
1179000 / 1500000
1179500 / 1500000
1180000 / 1500000
1180500 / 1500000
1181000 / 1500000
1181500 / 1500000
1182000 / 1500000
1182500 / 1500000
1183000 / 1500000
1183500 / 1500000
1184000 / 1500000
1184500 / 1500000
1185000 / 1500000
1185500 / 1500000
1186000 / 1500000
1186500 / 1500000
1187000 / 1500000
1187500 / 1500000
1188000 / 1500000
1188500 / 1500000
1189000 / 1500000
1189500 / 1500000
1190000 / 1500000
1190500 / 1500000
1191000 / 1500000
1191500 / 1500000
1192000 / 1500000
1192500 / 1500000
1193000 / 1500000
1193500 / 1500000
1194000 / 1500000
1194500 / 1500000
1195000 / 1500000
1195500 / 1500000
1196000 / 1500000
1196500 / 1500000
1197000 / 1500000
1197500 / 1500000
1198000 / 1500000
1198500 / 1500000
1199000 / 1500000
1199500 / 1500000
1200000 / 1500000
1200500 / 1500000
1201000 / 1500000
1201500 / 1500000
1202000 / 1500000
1202500 / 1500000
1203000 / 1500000
1203500 / 1500000
1204000 / 1500000
1204500 / 1500000
1205000 / 1500000
1205500 / 1500000
1206000 / 1500000
1206500 / 1500000
1207000 / 1500000
1207500 / 1500000
1208000 / 1500000
1208500 / 1500000
1209000 / 1500000
1209500 / 1500000
1210000 / 1500000
1210500 / 1500000
1211000 / 1500000
1211500 / 1500000
1212000 / 1500000
1212500 / 1500000
1213000 / 1500000
1213500 / 1500000
1214000 / 1500000
1214500 / 1500000
1215000 / 1500000
1215500 / 1500000
1216000 / 1500000
1216500 / 1500000
1217000 / 1500000
1217500 / 1500000
1218000 / 1500000
1218500 / 1500000
1219000 / 1500000
1219500 / 1500000
1220000 / 1500000
1220500 / 1500000
1221000 / 1500000
1221500 / 1500000
1222000 / 1500000
1222500 / 1500000
1223000 / 1500000
1223500 / 1500000
1224000 / 1500000
1224500 / 1500000
1225000 / 1500000
1225500 / 1500000
1226000 / 1500000
1226500 / 1500000
1227000 / 1500000
1227500 / 1500000
1228000 / 1500000
1228500 / 1500000
1229000 / 1500000
1229500 / 1500000
1230000 / 1500000
1230500 / 1500000
1231000 / 1500000
1231500 / 1500000
1232000 / 1500000
1232500 / 1500000
1233000 / 1500000
1233500 / 1500000
1234000 / 1500000
1234500 / 1500000
1235000 / 1500000
1235500 / 1500000
1236000 / 1500000
1236500 / 1500000
1237000 / 1500000
1237500 / 1500000
1238000 / 1500000
1238500 / 1500000
1239000 / 1500000
1239500 / 1500000
1240000 / 1500000
1240500 / 1500000
1241000 / 1500000
1241500 / 1500000
1242000 / 1500000
1242500 / 1500000
1243000 / 1500000
1243500 / 1500000
1244000 / 1500000
1244500 / 1500000
1245000 / 1500000
1245500 / 1500000
1246000 / 1500000
1246500 / 1500000
1247000 / 1500000
1247500 / 1500000
1248000 / 1500000
1248500 / 1500000
1249000 / 1500000
1249500 / 1500000
1250000 / 1500000
1250500 / 1500000
1251000 / 1500000
1251500 / 1500000
1252000 / 1500000
1252500 / 1500000
1253000 / 1500000
1253500 / 1500000
1254000 / 1500000
1254500 / 1500000
1255000 / 1500000
1255500 / 1500000
1256000 / 1500000
1256500 / 1500000
1257000 / 1500000
1257500 / 1500000
1258000 / 1500000
1258500 / 1500000
1259000 / 1500000
1259500 / 1500000
1260000 / 1500000
1260500 / 1500000
1261000 / 1500000
1261500 / 1500000
1262000 / 1500000
1262500 / 1500000
1263000 / 1500000
1263500 / 1500000
1264000 / 1500000
1264500 / 1500000
1265000 / 1500000
1265500 / 1500000
1266000 / 1500000
1266500 / 1500000
1267000 / 1500000
1267500 / 1500000
1268000 / 1500000
1268500 / 1500000
1269000 / 1500000
1269500 / 1500000
1270000 / 1500000
1270500 / 1500000
1271000 / 1500000
1271500 / 1500000
1272000 / 1500000
1272500 / 1500000
1273000 / 1500000
1273500 / 1500000
1274000 / 1500000
1274500 / 1500000
1275000 / 1500000
1275500 / 1500000
1276000 / 1500000
1276500 / 1500000
1277000 / 1500000
1277500 / 1500000
1278000 / 1500000
1278500 / 1500000
1279000 / 1500000
1279500 / 1500000
1280000 / 1500000
1280500 / 1500000
1281000 / 1500000
1281500 / 1500000
1282000 / 1500000
1282500 / 1500000
1283000 / 1500000
1283500 / 1500000
1284000 / 1500000
1284500 / 1500000
1285000 / 1500000
1285500 / 1500000
1286000 / 1500000
1286500 / 1500000
1287000 / 1500000
1287500 / 1500000
1288000 / 1500000
1288500 / 1500000
1289000 / 1500000
1289500 / 1500000
1290000 / 1500000
1290500 / 1500000
1291000 / 1500000
1291500 / 1500000
1292000 / 1500000
1292500 / 1500000
1293000 / 1500000
1293500 / 1500000
1294000 / 1500000
1294500 / 1500000
1295000 / 1500000
1295500 / 1500000
1296000 / 1500000
1296500 / 1500000
1297000 / 1500000
1297500 / 1500000
1298000 / 1500000
1298500 / 1500000
1299000 / 1500000
1299500 / 1500000
1300000 / 1500000
1300500 / 1500000
1301000 / 1500000
1301500 / 1500000
1302000 / 1500000
1302500 / 1500000
1303000 / 1500000
1303500 / 1500000
1304000 / 1500000
1304500 / 1500000
1305000 / 1500000
1305500 / 1500000
1306000 / 1500000
1306500 / 1500000
1307000 / 1500000
1307500 / 1500000
1308000 / 1500000
1308500 / 1500000
1309000 / 1500000
1309500 / 1500000
1310000 / 1500000
1310500 / 1500000
1311000 / 1500000
1311500 / 1500000
1312000 / 1500000
1312500 / 1500000
1313000 / 1500000
1313500 / 1500000
1314000 / 1500000
1314500 / 1500000
1315000 / 1500000
1315500 / 1500000
1316000 / 1500000
1316500 / 1500000
1317000 / 1500000
1317500 / 1500000
1318000 / 1500000
1318500 / 1500000
1319000 / 1500000
1319500 / 1500000
1320000 / 1500000
1320500 / 1500000
1321000 / 1500000
1321500 / 1500000
1322000 / 1500000
1322500 / 1500000
1323000 / 1500000
1323500 / 1500000
1324000 / 1500000
1324500 / 1500000
1325000 / 1500000
1325500 / 1500000
1326000 / 1500000
1326500 / 1500000
1327000 / 1500000
1327500 / 1500000
1328000 / 1500000
1328500 / 1500000
1329000 / 1500000
1329500 / 1500000
1330000 / 1500000
1330500 / 1500000
1331000 / 1500000
1331500 / 1500000
1332000 / 1500000
1332500 / 1500000
1333000 / 1500000
1333500 / 1500000
1334000 / 1500000
1334500 / 1500000
1335000 / 1500000
1335500 / 1500000
1336000 / 1500000
1336500 / 1500000
1337000 / 1500000
1337500 / 1500000
1338000 / 1500000
1338500 / 1500000
1339000 / 1500000
1339500 / 1500000
1340000 / 1500000
1340500 / 1500000
1341000 / 1500000
1341500 / 1500000
1342000 / 1500000
1342500 / 1500000
1343000 / 1500000
1343500 / 1500000
1344000 / 1500000
1344500 / 1500000
1345000 / 1500000
1345500 / 1500000
1346000 / 1500000
1346500 / 1500000
1347000 / 1500000
1347500 / 1500000
1348000 / 1500000
1348500 / 1500000
1349000 / 1500000
1349500 / 1500000
1350000 / 1500000
1350500 / 1500000
1351000 / 1500000
1351500 / 1500000
1352000 / 1500000
1352500 / 1500000
1353000 / 1500000
1353500 / 1500000
1354000 / 1500000
1354500 / 1500000
1355000 / 1500000
1355500 / 1500000
1356000 / 1500000
1356500 / 1500000
1357000 / 1500000
1357500 / 1500000
1358000 / 1500000
1358500 / 1500000
1359000 / 1500000
1359500 / 1500000
1360000 / 1500000
1360500 / 1500000
1361000 / 1500000
1361500 / 1500000
1362000 / 1500000
1362500 / 1500000
1363000 / 1500000
1363500 / 1500000
1364000 / 1500000
1364500 / 1500000
1365000 / 1500000
1365500 / 1500000
1366000 / 1500000
1366500 / 1500000
1367000 / 1500000
1367500 / 1500000
1368000 / 1500000
1368500 / 1500000
1369000 / 1500000
1369500 / 1500000
1370000 / 1500000
1370500 / 1500000
1371000 / 1500000
1371500 / 1500000
1372000 / 1500000
1372500 / 1500000
1373000 / 1500000
1373500 / 1500000
1374000 / 1500000
1374500 / 1500000
1375000 / 1500000
1375500 / 1500000
1376000 / 1500000
1376500 / 1500000
1377000 / 1500000
1377500 / 1500000
1378000 / 1500000
1378500 / 1500000
1379000 / 1500000
1379500 / 1500000
1380000 / 1500000
1380500 / 1500000
1381000 / 1500000
1381500 / 1500000
1382000 / 1500000
1382500 / 1500000
1383000 / 1500000
1383500 / 1500000
1384000 / 1500000
1384500 / 1500000
1385000 / 1500000
1385500 / 1500000
1386000 / 1500000
1386500 / 1500000
1387000 / 1500000
1387500 / 1500000
1388000 / 1500000
1388500 / 1500000
1389000 / 1500000
1389500 / 1500000
1390000 / 1500000
1390500 / 1500000
1391000 / 1500000
1391500 / 1500000
1392000 / 1500000
1392500 / 1500000
1393000 / 1500000
1393500 / 1500000
1394000 / 1500000
1394500 / 1500000
1395000 / 1500000
1395500 / 1500000
1396000 / 1500000
1396500 / 1500000
1397000 / 1500000
1397500 / 1500000
1398000 / 1500000
1398500 / 1500000
1399000 / 1500000
1399500 / 1500000
1400000 / 1500000
1400500 / 1500000
1401000 / 1500000
1401500 / 1500000
1402000 / 1500000
1402500 / 1500000
1403000 / 1500000
1403500 / 1500000
1404000 / 1500000
1404500 / 1500000
1405000 / 1500000
1405500 / 1500000
1406000 / 1500000
1406500 / 1500000
1407000 / 1500000
1407500 / 1500000
1408000 / 1500000
1408500 / 1500000
1409000 / 1500000
1409500 / 1500000
1410000 / 1500000
1410500 / 1500000
1411000 / 1500000
1411500 / 1500000
1412000 / 1500000
1412500 / 1500000
1413000 / 1500000
1413500 / 1500000
1414000 / 1500000
1414500 / 1500000
1415000 / 1500000
1415500 / 1500000
1416000 / 1500000
1416500 / 1500000
1417000 / 1500000
1417500 / 1500000
1418000 / 1500000
1418500 / 1500000
1419000 / 1500000
1419500 / 1500000
1420000 / 1500000
1420500 / 1500000
1421000 / 1500000
1421500 / 1500000
1422000 / 1500000
1422500 / 1500000
1423000 / 1500000
1423500 / 1500000
1424000 / 1500000
1424500 / 1500000
1425000 / 1500000
1425500 / 1500000
1426000 / 1500000
1426500 / 1500000
1427000 / 1500000
1427500 / 1500000
1428000 / 1500000
1428500 / 1500000
1429000 / 1500000
1429500 / 1500000
1430000 / 1500000
1430500 / 1500000
1431000 / 1500000
1431500 / 1500000
1432000 / 1500000
1432500 / 1500000
1433000 / 1500000
1433500 / 1500000
1434000 / 1500000
1434500 / 1500000
1435000 / 1500000
1435500 / 1500000
1436000 / 1500000
1436500 / 1500000
1437000 / 1500000
1437500 / 1500000
1438000 / 1500000
1438500 / 1500000
1439000 / 1500000
1439500 / 1500000
1440000 / 1500000
1440500 / 1500000
1441000 / 1500000
1441500 / 1500000
1442000 / 1500000
1442500 / 1500000
1443000 / 1500000
1443500 / 1500000
1444000 / 1500000
1444500 / 1500000
1445000 / 1500000
1445500 / 1500000
1446000 / 1500000
1446500 / 1500000
1447000 / 1500000
1447500 / 1500000
1448000 / 1500000
1448500 / 1500000
1449000 / 1500000
1449500 / 1500000
1450000 / 1500000
1450500 / 1500000
1451000 / 1500000
1451500 / 1500000
1452000 / 1500000
1452500 / 1500000
1453000 / 1500000
1453500 / 1500000
1454000 / 1500000
1454500 / 1500000
1455000 / 1500000
1455500 / 1500000
1456000 / 1500000
1456500 / 1500000
1457000 / 1500000
1457500 / 1500000
1458000 / 1500000
1458500 / 1500000
1459000 / 1500000
1459500 / 1500000
1460000 / 1500000
1460500 / 1500000
1461000 / 1500000
1461500 / 1500000
1462000 / 1500000
1462500 / 1500000
1463000 / 1500000
1463500 / 1500000
1464000 / 1500000
1464500 / 1500000
1465000 / 1500000
1465500 / 1500000
1466000 / 1500000
1466500 / 1500000
1467000 / 1500000
1467500 / 1500000
1468000 / 1500000
1468500 / 1500000
1469000 / 1500000
1469500 / 1500000
1470000 / 1500000
1470500 / 1500000
1471000 / 1500000
1471500 / 1500000
1472000 / 1500000
1472500 / 1500000
1473000 / 1500000
1473500 / 1500000
1474000 / 1500000
1474500 / 1500000
1475000 / 1500000
1475500 / 1500000
1476000 / 1500000
1476500 / 1500000
1477000 / 1500000
1477500 / 1500000
1478000 / 1500000
1478500 / 1500000
1479000 / 1500000
1479500 / 1500000
1480000 / 1500000
1480500 / 1500000
1481000 / 1500000
1481500 / 1500000
1482000 / 1500000
1482500 / 1500000
1483000 / 1500000
1483500 / 1500000
1484000 / 1500000
1484500 / 1500000
1485000 / 1500000
1485500 / 1500000
1486000 / 1500000
1486500 / 1500000
1487000 / 1500000
1487500 / 1500000
1488000 / 1500000
1488500 / 1500000
1489000 / 1500000
1489500 / 1500000
1490000 / 1500000
1490500 / 1500000
1491000 / 1500000
1491500 / 1500000
1492000 / 1500000
1492500 / 1500000
1493000 / 1500000
1493500 / 1500000
1494000 / 1500000
1494500 / 1500000
1495000 / 1500000
1495500 / 1500000
1496000 / 1500000
1496500 / 1500000
1497000 / 1500000
1497500 / 1500000
1498000 / 1500000
1498500 / 1500000
1499000 / 1500000
1499500 / 1500000
frac_nEventsVPt200 = 0.05717266666666666
frac_nEventsVPt250 = 0.028712
frac_nEventsLessThanTwoVBosons = 0.0
Saving histograms in ./output/Histo_ZJJZJJjj_EWK_LO_4f_mmjj150.root
ProcessNano.py::DONE::Time(2025-06-19 15:23:42.245050,2025-06-19 15:56:11.818343)::Elapsed(0:32:29)
