000 (12455541.000.000) 06/23 09:10:35 Job submitted from host: <137.138.156.150:9618?addrs=137.138.156.150-9618+[2001-1458-d00-14--9a]-9618&alias=bigbird13.cern.ch&noUDP&sock=schedd_1148214_e0cd>
...
000 (12455541.001.000) 06/23 09:10:35 Job submitted from host: <137.138.156.150:9618?addrs=137.138.156.150-9618+[2001-1458-d00-14--9a]-9618&alias=bigbird13.cern.ch&noUDP&sock=schedd_1148214_e0cd>
...
000 (12455541.002.000) 06/23 09:10:35 Job submitted from host: <137.138.156.150:9618?addrs=137.138.156.150-9618+[2001-1458-d00-14--9a]-9618&alias=bigbird13.cern.ch&noUDP&sock=schedd_1148214_e0cd>
...
000 (12455541.003.000) 06/23 09:10:35 Job submitted from host: <137.138.156.150:9618?addrs=137.138.156.150-9618+[2001-1458-d00-14--9a]-9618&alias=bigbird13.cern.ch&noUDP&sock=schedd_1148214_e0cd>
...
000 (12455541.004.000) 06/23 09:10:35 Job submitted from host: <137.138.156.150:9618?addrs=137.138.156.150-9618+[2001-1458-d00-14--9a]-9618&alias=bigbird13.cern.ch&noUDP&sock=schedd_1148214_e0cd>
...
000 (12455541.005.000) 06/23 09:10:35 Job submitted from host: <137.138.156.150:9618?addrs=137.138.156.150-9618+[2001-1458-d00-14--9a]-9618&alias=bigbird13.cern.ch&noUDP&sock=schedd_1148214_e0cd>
...
000 (12455541.006.000) 06/23 09:10:35 Job submitted from host: <137.138.156.150:9618?addrs=137.138.156.150-9618+[2001-1458-d00-14--9a]-9618&alias=bigbird13.cern.ch&noUDP&sock=schedd_1148214_e0cd>
...
000 (12455541.007.000) 06/23 09:10:35 Job submitted from host: <137.138.156.150:9618?addrs=137.138.156.150-9618+[2001-1458-d00-14--9a]-9618&alias=bigbird13.cern.ch&noUDP&sock=schedd_1148214_e0cd>
...
040 (12455541.001.000) 06/23 09:14:59 Started transferring input files
	Transferring to host: <188.185.195.160:9618?addrs=188.185.195.160-9618+[2001-1458-303-22--100-9c]-9618&alias=b9p17p5851.cern.ch&noUDP&sock=slot1_54_8810_311f_22945>
...
040 (12455541.001.000) 06/23 09:14:59 Finished transferring input files
...
040 (12455541.000.000) 06/23 09:14:59 Started transferring input files
	Transferring to host: <128.142.132.96:9618?addrs=128.142.132.96-9618+[2001-1458-301-5a--100-54]-9618&alias=b9g12p1108.cern.ch&noUDP&sock=slot1_19_2846_03ad_67938>
...
040 (12455541.000.000) 06/23 09:14:59 Finished transferring input files
...
040 (12455541.002.000) 06/23 09:14:59 Started transferring input files
	Transferring to host: <188.185.210.201:9618?addrs=188.185.210.201-9618+[2001-1458-303-15--100-45]-9618&alias=b9p22p5174.cern.ch&noUDP&sock=slot1_20_1159848_9736_7460>
...
040 (12455541.002.000) 06/23 09:14:59 Finished transferring input files
...
001 (12455541.000.000) 06/23 09:15:00 Job executing on host: <128.142.132.96:9618?addrs=128.142.132.96-9618+[2001-1458-301-5a--100-54]-9618&alias=b9g12p1108.cern.ch&noUDP&sock=startd_2467_bc3b>
	SlotName: slot1_19@b9g12p1108.cern.ch
	CondorScratchDir = "/pool/condor/dir_205172"
	Cpus = 1
	Disk = 2645
	GPUs = 0
	Memory = 3000
...
001 (12455541.001.000) 06/23 09:15:00 Job executing on host: <188.185.195.160:9618?addrs=188.185.195.160-9618+[2001-1458-303-22--100-9c]-9618&alias=b9p17p5851.cern.ch&noUDP&sock=startd_8631_ba01>
	SlotName: slot1_54@b9p17p5851.cern.ch
	CondorScratchDir = "/pool/condor/dir_3279767"
	Cpus = 1
	Disk = 3913
	GPUs = 0
	Memory = 3000
...
001 (12455541.002.000) 06/23 09:15:00 Job executing on host: <188.185.210.201:9618?addrs=188.185.210.201-9618+[2001-1458-303-15--100-45]-9618&alias=b9p22p5174.cern.ch&noUDP&sock=startd_1159764_37aa>
	SlotName: slot1_20@b9p22p5174.cern.ch
	CondorScratchDir = "/pool/condor/dir_4013836"
	Cpus = 1
	Disk = 3722
	GPUs = 0
	Memory = 3000
...
040 (12455541.004.000) 06/23 09:15:00 Started transferring input files
	Transferring to host: <128.142.161.100:9618?addrs=128.142.161.100-9618+[2001-1458-301-b8--100-22]-9618&alias=b9g03p2461.cern.ch&noUDP&sock=slot1_5_11185_9820_8499>
...
040 (12455541.005.000) 06/23 09:15:01 Started transferring input files
	Transferring to host: <188.185.192.120:9618?addrs=188.185.192.120-9618+[2001-1458-303-1f--100-74]-9618&alias=b9p13p2670.cern.ch&noUDP&sock=slot1_12_4278_fce7_7420>
...
040 (12455541.003.000) 06/23 09:15:01 Started transferring input files
	Transferring to host: <188.185.196.76:9618?addrs=188.185.196.76-9618+[2001-1458-303-23--100-48]-9618&alias=b9p16p7014.cern.ch&noUDP&sock=slot1_3_8808_c85f_24028>
...
040 (12455541.007.000) 06/23 09:15:01 Started transferring input files
	Transferring to host: <188.185.212.145:9618?addrs=188.185.212.145-9618+[2001-1458-303-19--100-d]-9618&alias=b9p26p0891.cern.ch&noUDP&sock=slot1_15_8374_fd8e_26722>
...
040 (12455541.006.000) 06/23 09:15:01 Started transferring input files
	Transferring to host: <188.185.193.13:9618?addrs=188.185.193.13-9618+[2001-1458-303-20--100-9]-9618&alias=b9p19p6576.cern.ch&noUDP&sock=slot1_31_6148_9273_8011>
...
006 (12455541.001.000) 06/23 09:15:09 Image size of job updated: 1108
	2  -  MemoryUsage of job (MB)
	1108  -  ResidentSetSize of job (KB)
...
006 (12455541.000.000) 06/23 09:15:09 Image size of job updated: 1240
	2  -  MemoryUsage of job (MB)
	1240  -  ResidentSetSize of job (KB)
...
006 (12455541.002.000) 06/23 09:15:09 Image size of job updated: 496948
	486  -  MemoryUsage of job (MB)
	496948  -  ResidentSetSize of job (KB)
...
040 (12455541.004.000) 06/23 09:15:58 Finished transferring input files
...
040 (12455541.005.000) 06/23 09:15:58 Finished transferring input files
...
040 (12455541.003.000) 06/23 09:15:58 Finished transferring input files
...
040 (12455541.007.000) 06/23 09:15:58 Finished transferring input files
...
040 (12455541.006.000) 06/23 09:15:58 Finished transferring input files
...
001 (12455541.004.000) 06/23 09:15:59 Job executing on host: <128.142.161.100:9618?addrs=128.142.161.100-9618+[2001-1458-301-b8--100-22]-9618&alias=b9g03p2461.cern.ch&noUDP&sock=startd_9904_e610>
	SlotName: slot1_5@b9g03p2461.cern.ch
	CondorScratchDir = "/pool/condor/dir_397077"
	Cpus = 1
	Disk = 3921
	GPUs = 0
	Memory = 3000
...
001 (12455541.003.000) 06/23 09:15:59 Job executing on host: <188.185.196.76:9618?addrs=188.185.196.76-9618+[2001-1458-303-23--100-48]-9618&alias=b9p16p7014.cern.ch&noUDP&sock=startd_7550_4020>
	SlotName: slot1_3@b9p16p7014.cern.ch
	CondorScratchDir = "/pool/condor/dir_4008843"
	Cpus = 1
	Disk = 3896
	GPUs = 0
	Memory = 3000
...
001 (12455541.007.000) 06/23 09:15:59 Job executing on host: <188.185.212.145:9618?addrs=188.185.212.145-9618+[2001-1458-303-19--100-d]-9618&alias=b9p26p0891.cern.ch&noUDP&sock=startd_8300_b028>
	SlotName: slot1_15@b9p26p0891.cern.ch
	CondorScratchDir = "/pool/condor/dir_4158056"
	Cpus = 1
	Disk = 2944785
	Memory = 3000
...
001 (12455541.005.000) 06/23 09:15:59 Job executing on host: <188.185.192.120:9618?addrs=188.185.192.120-9618+[2001-1458-303-1f--100-74]-9618&alias=b9p13p2670.cern.ch&noUDP&sock=startd_3774_3a83>
	SlotName: slot1_12@b9p13p2670.cern.ch
	CondorScratchDir = "/pool/condor/dir_1711187"
	Cpus = 1
	Disk = 3921
	GPUs = 0
	Memory = 3000
...
001 (12455541.006.000) 06/23 09:15:59 Job executing on host: <188.185.193.13:9618?addrs=188.185.193.13-9618+[2001-1458-303-20--100-9]-9618&alias=b9p19p6576.cern.ch&noUDP&sock=startd_5900_7cdc>
	SlotName: slot1_31@b9p19p6576.cern.ch
	CondorScratchDir = "/pool/condor/dir_131327"
	Cpus = 1
	Disk = 3835
	GPUs = 0
	Memory = 3000
...
006 (12455541.007.000) 06/23 09:16:08 Image size of job updated: 5712
	1  -  MemoryUsage of job (MB)
	688  -  ResidentSetSize of job (KB)
...
006 (12455541.003.000) 06/23 09:16:08 Image size of job updated: 372304
	364  -  MemoryUsage of job (MB)
	372304  -  ResidentSetSize of job (KB)
...
006 (12455541.005.000) 06/23 09:16:13 Image size of job updated: 91876
	90  -  MemoryUsage of job (MB)
	91876  -  ResidentSetSize of job (KB)
...
006 (12455541.006.000) 06/23 09:16:13 Image size of job updated: 444
	1  -  MemoryUsage of job (MB)
	444  -  ResidentSetSize of job (KB)
...
006 (12455541.004.000) 06/23 09:16:13 Image size of job updated: 55732
	55  -  MemoryUsage of job (MB)
	55732  -  ResidentSetSize of job (KB)
...
006 (12455541.000.000) 06/23 09:20:09 Image size of job updated: 627028
	613  -  MemoryUsage of job (MB)
	627028  -  ResidentSetSize of job (KB)
...
006 (12455541.002.000) 06/23 09:20:09 Image size of job updated: 625880
	612  -  MemoryUsage of job (MB)
	625880  -  ResidentSetSize of job (KB)
...
006 (12455541.001.000) 06/23 09:20:09 Image size of job updated: 623760
	610  -  MemoryUsage of job (MB)
	623760  -  ResidentSetSize of job (KB)
...
006 (12455541.007.000) 06/23 09:21:08 Image size of job updated: 633844
	618  -  MemoryUsage of job (MB)
	632004  -  ResidentSetSize of job (KB)
...
006 (12455541.003.000) 06/23 09:21:08 Image size of job updated: 619092
	605  -  MemoryUsage of job (MB)
	619092  -  ResidentSetSize of job (KB)
...
006 (12455541.005.000) 06/23 09:21:13 Image size of job updated: 177956
	174  -  MemoryUsage of job (MB)
	177956  -  ResidentSetSize of job (KB)
...
006 (12455541.006.000) 06/23 09:21:13 Image size of job updated: 176180
	173  -  MemoryUsage of job (MB)
	176180  -  ResidentSetSize of job (KB)
...
006 (12455541.004.000) 06/23 09:21:14 Image size of job updated: 177000
	173  -  MemoryUsage of job (MB)
	177000  -  ResidentSetSize of job (KB)
...
006 (12455541.000.000) 06/23 09:25:09 Image size of job updated: 627112
	613  -  MemoryUsage of job (MB)
	627112  -  ResidentSetSize of job (KB)
...
006 (12455541.002.000) 06/23 09:25:09 Image size of job updated: 625984
	612  -  MemoryUsage of job (MB)
	625984  -  ResidentSetSize of job (KB)
...
006 (12455541.001.000) 06/23 09:25:09 Image size of job updated: 624272
	610  -  MemoryUsage of job (MB)
	624272  -  ResidentSetSize of job (KB)
...
006 (12455541.007.000) 06/23 09:26:08 Image size of job updated: 634048
	618  -  MemoryUsage of job (MB)
	632004  -  ResidentSetSize of job (KB)
...
006 (12455541.003.000) 06/23 09:26:09 Image size of job updated: 619408
	605  -  MemoryUsage of job (MB)
	619408  -  ResidentSetSize of job (KB)
...
006 (12455541.004.000) 06/23 09:26:14 Image size of job updated: 177084
	173  -  MemoryUsage of job (MB)
	177084  -  ResidentSetSize of job (KB)
...
006 (12455541.006.000) 06/23 09:26:14 Image size of job updated: 176256
	173  -  MemoryUsage of job (MB)
	176256  -  ResidentSetSize of job (KB)
...
006 (12455541.002.000) 06/23 09:30:09 Image size of job updated: 626484
	612  -  MemoryUsage of job (MB)
	626484  -  ResidentSetSize of job (KB)
...
006 (12455541.000.000) 06/23 09:30:09 Image size of job updated: 627168
	613  -  MemoryUsage of job (MB)
	627168  -  ResidentSetSize of job (KB)
...
006 (12455541.001.000) 06/23 09:30:10 Image size of job updated: 624412
	610  -  MemoryUsage of job (MB)
	624412  -  ResidentSetSize of job (KB)
...
006 (12455541.006.000) 06/23 09:31:15 Image size of job updated: 176348
	173  -  MemoryUsage of job (MB)
	176348  -  ResidentSetSize of job (KB)
...
006 (12455541.005.000) 06/23 09:31:15 Image size of job updated: 178016
	174  -  MemoryUsage of job (MB)
	178016  -  ResidentSetSize of job (KB)
...
006 (12455541.000.000) 06/23 09:35:10 Image size of job updated: 627212
	613  -  MemoryUsage of job (MB)
	627212  -  ResidentSetSize of job (KB)
...
006 (12455541.001.000) 06/23 09:35:10 Image size of job updated: 624428
	610  -  MemoryUsage of job (MB)
	624428  -  ResidentSetSize of job (KB)
...
006 (12455541.007.000) 06/23 09:36:09 Image size of job updated: 634048
	618  -  MemoryUsage of job (MB)
	632016  -  ResidentSetSize of job (KB)
...
006 (12455541.004.000) 06/23 09:36:15 Image size of job updated: 177112
	173  -  MemoryUsage of job (MB)
	177112  -  ResidentSetSize of job (KB)
...
006 (12455541.005.000) 06/23 09:36:16 Image size of job updated: 178060
	174  -  MemoryUsage of job (MB)
	178060  -  ResidentSetSize of job (KB)
...
006 (12455541.006.000) 06/23 09:36:16 Image size of job updated: 176392
	173  -  MemoryUsage of job (MB)
	176392  -  ResidentSetSize of job (KB)
...
006 (12455541.002.000) 06/23 09:40:10 Image size of job updated: 626500
	612  -  MemoryUsage of job (MB)
	626500  -  ResidentSetSize of job (KB)
...
006 (12455541.001.000) 06/23 09:40:10 Image size of job updated: 624448
	610  -  MemoryUsage of job (MB)
	624448  -  ResidentSetSize of job (KB)
...
006 (12455541.000.000) 06/23 09:40:10 Image size of job updated: 627244
	613  -  MemoryUsage of job (MB)
	627244  -  ResidentSetSize of job (KB)
...
006 (12455541.007.000) 06/23 09:41:09 Image size of job updated: 634048
	618  -  MemoryUsage of job (MB)
	632032  -  ResidentSetSize of job (KB)
...
006 (12455541.005.000) 06/23 09:41:16 Image size of job updated: 178068
	174  -  MemoryUsage of job (MB)
	178068  -  ResidentSetSize of job (KB)
...
006 (12455541.004.000) 06/23 09:41:16 Image size of job updated: 177152
	173  -  MemoryUsage of job (MB)
	177152  -  ResidentSetSize of job (KB)
...
006 (12455541.006.000) 06/23 09:41:17 Image size of job updated: 176404
	173  -  MemoryUsage of job (MB)
	176404  -  ResidentSetSize of job (KB)
...
006 (12455541.000.000) 06/23 09:45:11 Image size of job updated: 627252
	613  -  MemoryUsage of job (MB)
	627252  -  ResidentSetSize of job (KB)
...
006 (12455541.001.000) 06/23 09:45:11 Image size of job updated: 624476
	610  -  MemoryUsage of job (MB)
	624476  -  ResidentSetSize of job (KB)
...
006 (12455541.007.000) 06/23 09:46:09 Image size of job updated: 634048
	618  -  MemoryUsage of job (MB)
	632036  -  ResidentSetSize of job (KB)
...
006 (12455541.005.000) 06/23 09:46:16 Image size of job updated: 180128
	176  -  MemoryUsage of job (MB)
	180128  -  ResidentSetSize of job (KB)
...
006 (12455541.004.000) 06/23 09:46:17 Image size of job updated: 177180
	174  -  MemoryUsage of job (MB)
	177180  -  ResidentSetSize of job (KB)
...
006 (12455541.006.000) 06/23 09:46:18 Image size of job updated: 176420
	173  -  MemoryUsage of job (MB)
	176420  -  ResidentSetSize of job (KB)
...
006 (12455541.007.000) 06/23 09:51:09 Image size of job updated: 634048
	618  -  MemoryUsage of job (MB)
	632064  -  ResidentSetSize of job (KB)
...
006 (12455541.005.000) 06/23 09:51:16 Image size of job updated: 180180
	176  -  MemoryUsage of job (MB)
	180180  -  ResidentSetSize of job (KB)
...
006 (12455541.004.000) 06/23 09:51:17 Image size of job updated: 177196
	174  -  MemoryUsage of job (MB)
	177196  -  ResidentSetSize of job (KB)
...
006 (12455541.006.000) 06/23 09:51:18 Image size of job updated: 176424
	173  -  MemoryUsage of job (MB)
	176424  -  ResidentSetSize of job (KB)
...
006 (12455541.001.000) 06/23 09:55:11 Image size of job updated: 624476
	611  -  MemoryUsage of job (MB)
	624724  -  ResidentSetSize of job (KB)
...
006 (12455541.000.000) 06/23 09:55:12 Image size of job updated: 627272
	613  -  MemoryUsage of job (MB)
	627272  -  ResidentSetSize of job (KB)
...
006 (12455541.007.000) 06/23 09:56:10 Image size of job updated: 634048
	618  -  MemoryUsage of job (MB)
	632096  -  ResidentSetSize of job (KB)
...
006 (12455541.005.000) 06/23 09:56:17 Image size of job updated: 180196
	176  -  MemoryUsage of job (MB)
	180196  -  ResidentSetSize of job (KB)
...
006 (12455541.004.000) 06/23 09:56:17 Image size of job updated: 177200
	174  -  MemoryUsage of job (MB)
	177200  -  ResidentSetSize of job (KB)
...
006 (12455541.006.000) 06/23 09:56:18 Image size of job updated: 176428
	173  -  MemoryUsage of job (MB)
	176428  -  ResidentSetSize of job (KB)
...
006 (12455541.001.000) 06/23 10:00:12 Image size of job updated: 624492
	611  -  MemoryUsage of job (MB)
	624724  -  ResidentSetSize of job (KB)
...
006 (12455541.000.000) 06/23 10:00:13 Image size of job updated: 627536
	613  -  MemoryUsage of job (MB)
	627536  -  ResidentSetSize of job (KB)
...
006 (12455541.007.000) 06/23 10:01:10 Image size of job updated: 634048
	618  -  MemoryUsage of job (MB)
	632108  -  ResidentSetSize of job (KB)
...
006 (12455541.004.000) 06/23 10:01:17 Image size of job updated: 177212
	174  -  MemoryUsage of job (MB)
	177212  -  ResidentSetSize of job (KB)
...
006 (12455541.005.000) 06/23 10:01:17 Image size of job updated: 180216
	176  -  MemoryUsage of job (MB)
	180216  -  ResidentSetSize of job (KB)
...
006 (12455541.006.000) 06/23 10:01:19 Image size of job updated: 176436
	173  -  MemoryUsage of job (MB)
	176436  -  ResidentSetSize of job (KB)
...
006 (12455541.001.000) 06/23 10:05:12 Image size of job updated: 624512
	611  -  MemoryUsage of job (MB)
	624724  -  ResidentSetSize of job (KB)
...
006 (12455541.007.000) 06/23 10:06:11 Image size of job updated: 634244
	618  -  MemoryUsage of job (MB)
	632112  -  ResidentSetSize of job (KB)
...
006 (12455541.004.000) 06/23 10:06:17 Image size of job updated: 177260
	174  -  MemoryUsage of job (MB)
	177260  -  ResidentSetSize of job (KB)
...
006 (12455541.005.000) 06/23 10:06:18 Image size of job updated: 180220
	176  -  MemoryUsage of job (MB)
	180220  -  ResidentSetSize of job (KB)
...
006 (12455541.006.000) 06/23 10:06:19 Image size of job updated: 176456
	173  -  MemoryUsage of job (MB)
	176456  -  ResidentSetSize of job (KB)
...
006 (12455541.001.000) 06/23 10:10:12 Image size of job updated: 624552
	611  -  MemoryUsage of job (MB)
	624724  -  ResidentSetSize of job (KB)
...
006 (12455541.007.000) 06/23 10:11:11 Image size of job updated: 634244
	618  -  MemoryUsage of job (MB)
	632124  -  ResidentSetSize of job (KB)
...
006 (12455541.004.000) 06/23 10:11:17 Image size of job updated: 177288
	174  -  MemoryUsage of job (MB)
	177288  -  ResidentSetSize of job (KB)
...
006 (12455541.005.000) 06/23 10:11:18 Image size of job updated: 180232
	177  -  MemoryUsage of job (MB)
	180232  -  ResidentSetSize of job (KB)
...
006 (12455541.006.000) 06/23 10:11:19 Image size of job updated: 176460
	173  -  MemoryUsage of job (MB)
	176460  -  ResidentSetSize of job (KB)
...
006 (12455541.001.000) 06/23 10:15:12 Image size of job updated: 624560
	611  -  MemoryUsage of job (MB)
	624724  -  ResidentSetSize of job (KB)
...
006 (12455541.005.000) 06/23 10:16:19 Image size of job updated: 180244
	177  -  MemoryUsage of job (MB)
	180244  -  ResidentSetSize of job (KB)
...
006 (12455541.006.000) 06/23 10:16:20 Image size of job updated: 176468
	173  -  MemoryUsage of job (MB)
	176468  -  ResidentSetSize of job (KB)
...
006 (12455541.001.000) 06/23 10:20:13 Image size of job updated: 624576
	611  -  MemoryUsage of job (MB)
	624724  -  ResidentSetSize of job (KB)
...
006 (12455541.007.000) 06/23 10:21:12 Image size of job updated: 634244
	618  -  MemoryUsage of job (MB)
	632148  -  ResidentSetSize of job (KB)
...
006 (12455541.004.000) 06/23 10:21:18 Image size of job updated: 177308
	174  -  MemoryUsage of job (MB)
	177308  -  ResidentSetSize of job (KB)
...
006 (12455541.005.000) 06/23 10:21:19 Image size of job updated: 180264
	177  -  MemoryUsage of job (MB)
	180264  -  ResidentSetSize of job (KB)
...
006 (12455541.006.000) 06/23 10:21:20 Image size of job updated: 176472
	173  -  MemoryUsage of job (MB)
	176472  -  ResidentSetSize of job (KB)
...
006 (12455541.002.000) 06/23 10:25:11 Image size of job updated: 626504
	612  -  MemoryUsage of job (MB)
	626504  -  ResidentSetSize of job (KB)
...
006 (12455541.001.000) 06/23 10:25:13 Image size of job updated: 624580
	611  -  MemoryUsage of job (MB)
	624724  -  ResidentSetSize of job (KB)
...
006 (12455541.007.000) 06/23 10:26:12 Image size of job updated: 634244
	618  -  MemoryUsage of job (MB)
	632380  -  ResidentSetSize of job (KB)
...
006 (12455541.005.000) 06/23 10:26:19 Image size of job updated: 180268
	177  -  MemoryUsage of job (MB)
	180268  -  ResidentSetSize of job (KB)
...
006 (12455541.006.000) 06/23 10:26:21 Image size of job updated: 176484
	173  -  MemoryUsage of job (MB)
	176484  -  ResidentSetSize of job (KB)
...
006 (12455541.002.000) 06/23 10:30:12 Image size of job updated: 626508
	612  -  MemoryUsage of job (MB)
	626508  -  ResidentSetSize of job (KB)
...
006 (12455541.001.000) 06/23 10:30:14 Image size of job updated: 624592
	611  -  MemoryUsage of job (MB)
	624724  -  ResidentSetSize of job (KB)
...
006 (12455541.000.000) 06/23 10:30:15 Image size of job updated: 627816
	614  -  MemoryUsage of job (MB)
	627816  -  ResidentSetSize of job (KB)
...
006 (12455541.007.000) 06/23 10:31:13 Image size of job updated: 635800
	618  -  MemoryUsage of job (MB)
	632380  -  ResidentSetSize of job (KB)
...
006 (12455541.005.000) 06/23 10:31:20 Image size of job updated: 180272
	177  -  MemoryUsage of job (MB)
	180272  -  ResidentSetSize of job (KB)
...
006 (12455541.004.000) 06/23 10:31:20 Image size of job updated: 177324
	174  -  MemoryUsage of job (MB)
	177324  -  ResidentSetSize of job (KB)
...
006 (12455541.006.000) 06/23 10:31:22 Image size of job updated: 176504
	173  -  MemoryUsage of job (MB)
	176504  -  ResidentSetSize of job (KB)
...
006 (12455541.002.000) 06/23 10:35:12 Image size of job updated: 626512
	612  -  MemoryUsage of job (MB)
	626512  -  ResidentSetSize of job (KB)
...
006 (12455541.001.000) 06/23 10:35:15 Image size of job updated: 624596
	611  -  MemoryUsage of job (MB)
	624724  -  ResidentSetSize of job (KB)
...
006 (12455541.007.000) 06/23 10:36:13 Image size of job updated: 635800
	618  -  MemoryUsage of job (MB)
	632536  -  ResidentSetSize of job (KB)
...
006 (12455541.005.000) 06/23 10:36:20 Image size of job updated: 180284
	177  -  MemoryUsage of job (MB)
	180284  -  ResidentSetSize of job (KB)
...
006 (12455541.006.000) 06/23 10:36:22 Image size of job updated: 176512
	173  -  MemoryUsage of job (MB)
	176512  -  ResidentSetSize of job (KB)
...
040 (12455541.007.000) 06/23 10:36:55 Finished transferring output files
...
005 (12455541.007.000) 06/23 10:36:55 Job terminated.
	(1) Normal termination (return value 0)
		Usr 0 01:11:57, Sys 0 00:00:09  -  Run Remote Usage
		Usr 0 00:00:00, Sys 0 00:00:00  -  Run Local Usage
		Usr 0 01:11:57, Sys 0 00:00:09  -  Total Remote Usage
		Usr 0 00:00:00, Sys 0 00:00:00  -  Total Local Usage
	0  -  Run Bytes Sent By Job
	210  -  Run Bytes Received By Job
	0  -  Total Bytes Sent By Job
	210  -  Total Bytes Received By Job
	Partitionable Resources :    Usage  Request Allocated 
	   Cpus                 :     0.99        1         1 
	   Disk (KB)            :    25           1   2944785 
	   Memory (MB)          :   618        3000      3000 
	   TimeExecute (s)      :  4856                       
	   TimeSlotBusy (s)     :  4915                       

	Job terminated of its own accord at 2025-06-23T08:36:55Z with exit-code 0.
...
040 (12455541.002.000) 06/23 10:38:09 Finished transferring output files
...
005 (12455541.002.000) 06/23 10:38:09 Job terminated.
	(1) Normal termination (return value 0)
		Usr 0 01:13:56, Sys 0 00:00:27  -  Run Remote Usage
		Usr 0 00:00:00, Sys 0 00:00:00  -  Run Local Usage
		Usr 0 01:13:56, Sys 0 00:00:27  -  Total Remote Usage
		Usr 0 00:00:00, Sys 0 00:00:00  -  Total Local Usage
	0  -  Run Bytes Sent By Job
	210  -  Run Bytes Received By Job
	0  -  Total Bytes Sent By Job
	210  -  Total Bytes Received By Job
	Partitionable Resources :    Usage  Request Allocated 
	   Cpus                 :     0.80        1         1 
	   Disk (KB)            :    25           1      3722 
	   GPUs                 :                           0 
	   Memory (MB)          :   612        3000      3000 
	   TimeExecute (s)      :  4989                       
	   TimeSlotBusy (s)     :  4991                       

	Job terminated of its own accord at 2025-06-23T08:38:09Z with exit-code 0.
...
006 (12455541.001.000) 06/23 10:40:15 Image size of job updated: 624604
	611  -  MemoryUsage of job (MB)
	624724  -  ResidentSetSize of job (KB)
...
006 (12455541.005.000) 06/23 10:41:20 Image size of job updated: 180292
	177  -  MemoryUsage of job (MB)
	180292  -  ResidentSetSize of job (KB)
...
006 (12455541.004.000) 06/23 10:41:21 Image size of job updated: 177332
	174  -  MemoryUsage of job (MB)
	177332  -  ResidentSetSize of job (KB)
...
006 (12455541.001.000) 06/23 10:45:15 Image size of job updated: 624608
	611  -  MemoryUsage of job (MB)
	624724  -  ResidentSetSize of job (KB)
...
006 (12455541.005.000) 06/23 10:46:20 Image size of job updated: 180300
	177  -  MemoryUsage of job (MB)
	180300  -  ResidentSetSize of job (KB)
...
006 (12455541.004.000) 06/23 10:46:21 Image size of job updated: 177340
	174  -  MemoryUsage of job (MB)
	177340  -  ResidentSetSize of job (KB)
...
006 (12455541.006.000) 06/23 10:46:23 Image size of job updated: 176520
	173  -  MemoryUsage of job (MB)
	176520  -  ResidentSetSize of job (KB)
...
006 (12455541.001.000) 06/23 10:50:15 Image size of job updated: 624612
	611  -  MemoryUsage of job (MB)
	624724  -  ResidentSetSize of job (KB)
...
006 (12455541.005.000) 06/23 10:51:21 Image size of job updated: 180304
	177  -  MemoryUsage of job (MB)
	180304  -  ResidentSetSize of job (KB)
...
006 (12455541.004.000) 06/23 10:51:22 Image size of job updated: 177344
	174  -  MemoryUsage of job (MB)
	177344  -  ResidentSetSize of job (KB)
...
006 (12455541.006.000) 06/23 10:51:23 Image size of job updated: 176528
	173  -  MemoryUsage of job (MB)
	176528  -  ResidentSetSize of job (KB)
...
006 (12455541.001.000) 06/23 10:55:15 Image size of job updated: 624992
	611  -  MemoryUsage of job (MB)
	624992  -  ResidentSetSize of job (KB)
...
006 (12455541.003.000) 06/23 10:56:19 Image size of job updated: 619412
	605  -  MemoryUsage of job (MB)
	619412  -  ResidentSetSize of job (KB)
...
006 (12455541.005.000) 06/23 10:56:21 Image size of job updated: 180312
	177  -  MemoryUsage of job (MB)
	180312  -  ResidentSetSize of job (KB)
...
006 (12455541.004.000) 06/23 10:56:23 Image size of job updated: 177348
	174  -  MemoryUsage of job (MB)
	177348  -  ResidentSetSize of job (KB)
...
006 (12455541.006.000) 06/23 10:56:24 Image size of job updated: 176540
	173  -  MemoryUsage of job (MB)
	176540  -  ResidentSetSize of job (KB)
...
006 (12455541.003.000) 06/23 11:01:19 Image size of job updated: 619416
	605  -  MemoryUsage of job (MB)
	619416  -  ResidentSetSize of job (KB)
...
006 (12455541.004.000) 06/23 11:01:24 Image size of job updated: 177352
	174  -  MemoryUsage of job (MB)
	177352  -  ResidentSetSize of job (KB)
...
006 (12455541.006.000) 06/23 11:01:24 Image size of job updated: 176548
	173  -  MemoryUsage of job (MB)
	176548  -  ResidentSetSize of job (KB)
...
040 (12455541.003.000) 06/23 11:03:46 Finished transferring output files
...
005 (12455541.003.000) 06/23 11:03:46 Job terminated.
	(1) Normal termination (return value 0)
		Usr 0 01:38:15, Sys 0 00:00:19  -  Run Remote Usage
		Usr 0 00:00:00, Sys 0 00:00:00  -  Run Local Usage
		Usr 0 01:38:15, Sys 0 00:00:19  -  Total Remote Usage
		Usr 0 00:00:00, Sys 0 00:00:00  -  Total Local Usage
	0  -  Run Bytes Sent By Job
	210  -  Run Bytes Received By Job
	0  -  Total Bytes Sent By Job
	210  -  Total Bytes Received By Job
	Partitionable Resources :    Usage  Request Allocated 
	   Cpus                 :     0.93        1         1 
	   Disk (KB)            :    26           1      3896 
	   GPUs                 :                           0 
	   Memory (MB)          :   605        3000      3000 
	   TimeExecute (s)      :  6467                       
	   TimeSlotBusy (s)     :  6527                       

	Job terminated of its own accord at 2025-06-23T09:03:46Z with exit-code 0.
...
006 (12455541.005.000) 06/23 11:06:22 Image size of job updated: 180892
	177  -  MemoryUsage of job (MB)
	180892  -  ResidentSetSize of job (KB)
...
006 (12455541.004.000) 06/23 11:06:24 Image size of job updated: 177356
	174  -  MemoryUsage of job (MB)
	177356  -  ResidentSetSize of job (KB)
...
006 (12455541.006.000) 06/23 11:06:24 Image size of job updated: 176552
	173  -  MemoryUsage of job (MB)
	176552  -  ResidentSetSize of job (KB)
...
006 (12455541.006.000) 06/23 11:07:54 Image size of job updated: 176556
	173  -  MemoryUsage of job (MB)
	176552  -  ResidentSetSize of job (KB)
...
040 (12455541.006.000) 06/23 11:07:54 Finished transferring output files
...
005 (12455541.006.000) 06/23 11:07:54 Job terminated.
	(1) Normal termination (return value 0)
		Usr 0 01:41:27, Sys 0 00:00:22  -  Run Remote Usage
		Usr 0 00:00:00, Sys 0 00:00:00  -  Run Local Usage
		Usr 0 01:41:27, Sys 0 00:00:22  -  Total Remote Usage
		Usr 0 00:00:00, Sys 0 00:00:00  -  Total Local Usage
	0  -  Run Bytes Sent By Job
	210  -  Run Bytes Received By Job
	0  -  Total Bytes Sent By Job
	210  -  Total Bytes Received By Job
	Partitionable Resources :    Usage  Request Allocated 
	   Cpus                 :     0.98        1         1 
	   Disk (KB)            :    26           1      3835 
	   GPUs                 :                           0 
	   Memory (MB)          :   173        3000      3000 
	   TimeExecute (s)      :  6715                       
	   TimeSlotBusy (s)     :  6774                       

	Job terminated of its own accord at 2025-06-23T09:07:54Z with exit-code 0.
...
006 (12455541.005.000) 06/23 11:11:22 Image size of job updated: 180900
	177  -  MemoryUsage of job (MB)
	180900  -  ResidentSetSize of job (KB)
...
006 (12455541.004.000) 06/23 11:11:25 Image size of job updated: 177360
	174  -  MemoryUsage of job (MB)
	177360  -  ResidentSetSize of job (KB)
...
006 (12455541.004.000) 06/23 11:14:23 Image size of job updated: 177368
	174  -  MemoryUsage of job (MB)
	177360  -  ResidentSetSize of job (KB)
...
040 (12455541.004.000) 06/23 11:14:23 Finished transferring output files
...
005 (12455541.004.000) 06/23 11:14:23 Job terminated.
	(1) Normal termination (return value 0)
		Usr 0 01:48:14, Sys 0 00:00:55  -  Run Remote Usage
		Usr 0 00:00:00, Sys 0 00:00:00  -  Run Local Usage
		Usr 0 01:48:14, Sys 0 00:00:55  -  Total Remote Usage
		Usr 0 00:00:00, Sys 0 00:00:00  -  Total Local Usage
	0  -  Run Bytes Sent By Job
	210  -  Run Bytes Received By Job
	0  -  Total Bytes Sent By Job
	210  -  Total Bytes Received By Job
	Partitionable Resources :    Usage  Request Allocated 
	   Cpus                 :     0.93        1         1 
	   Disk (KB)            :    25           1      3921 
	   GPUs                 :                           0 
	   Memory (MB)          :   174        3000      3000 
	   TimeExecute (s)      :  7104                       
	   TimeSlotBusy (s)     :  7164                       

	Job terminated of its own accord at 2025-06-23T09:14:23Z with exit-code 0.
...
006 (12455541.005.000) 06/23 11:20:45 Image size of job updated: 180904
	177  -  MemoryUsage of job (MB)
	180900  -  ResidentSetSize of job (KB)
...
040 (12455541.005.000) 06/23 11:20:45 Finished transferring output files
...
005 (12455541.005.000) 06/23 11:20:45 Job terminated.
	(1) Normal termination (return value 0)
		Usr 0 01:55:52, Sys 0 00:00:18  -  Run Remote Usage
		Usr 0 00:00:00, Sys 0 00:00:00  -  Run Local Usage
		Usr 0 01:55:52, Sys 0 00:00:18  -  Total Remote Usage
		Usr 0 00:00:00, Sys 0 00:00:00  -  Total Local Usage
	0  -  Run Bytes Sent By Job
	210  -  Run Bytes Received By Job
	0  -  Total Bytes Sent By Job
	210  -  Total Bytes Received By Job
	Partitionable Resources :    Usage  Request Allocated 
	   Cpus                 :     0.92        1         1 
	   Disk (KB)            :    26           1      3921 
	   GPUs                 :                           0 
	   Memory (MB)          :   177        3000      3000 
	   TimeExecute (s)      :  7486                       
	   TimeSlotBusy (s)     :  7546                       

	Job terminated of its own accord at 2025-06-23T09:20:45Z with exit-code 0.
...
040 (12455541.001.000) 06/23 11:21:42 Finished transferring output files
...
005 (12455541.001.000) 06/23 11:21:42 Job terminated.
	(1) Normal termination (return value 0)
		Usr 0 01:57:42, Sys 0 00:00:10  -  Run Remote Usage
		Usr 0 00:00:00, Sys 0 00:00:00  -  Run Local Usage
		Usr 0 01:57:42, Sys 0 00:00:10  -  Total Remote Usage
		Usr 0 00:00:00, Sys 0 00:00:00  -  Total Local Usage
	0  -  Run Bytes Sent By Job
	210  -  Run Bytes Received By Job
	0  -  Total Bytes Sent By Job
	210  -  Total Bytes Received By Job
	Partitionable Resources :    Usage  Request Allocated 
	   Cpus                 :     0.93        1         1 
	   Disk (KB)            :    26           1      3913 
	   GPUs                 :                           0 
	   Memory (MB)          :   611        3000      3000 
	   TimeExecute (s)      :  7602                       
	   TimeSlotBusy (s)     :  7604                       

	Job terminated of its own accord at 2025-06-23T09:21:42Z with exit-code 0.
...
040 (12455541.000.000) 06/23 11:55:31 Finished transferring output files
...
005 (12455541.000.000) 06/23 12:01:03 Job terminated.
	(1) Normal termination (return value 0)
		Usr 0 02:19:43, Sys 0 00:00:43  -  Run Remote Usage
		Usr 0 00:00:00, Sys 0 00:00:00  -  Run Local Usage
		Usr 0 02:19:43, Sys 0 00:00:43  -  Total Remote Usage
		Usr 0 00:00:00, Sys 0 00:00:00  -  Total Local Usage
	0  -  Run Bytes Sent By Job
	210  -  Run Bytes Received By Job
	0  -  Total Bytes Sent By Job
	210  -  Total Bytes Received By Job
	Partitionable Resources :    Usage  Request Allocated 
	   Cpus                 :        0        1         1 
	   Disk (KB)            :       26        1      2645 
	   GPUs                 :                           0 
	   Memory (MB)          :      614     3000      3000 
	   TimeExecute (s)      :     9031                    
	   TimeSlotBusy (s)     :     9934                    

	Job terminated of its own accord at 2025-06-23T09:45:31Z with exit-code 0.
...
